Archive member included to satisfy reference by file (symbol)

/home/matt/Desktop/source/esp-cnc/build/cxx/libcxx.a(cxx_guards.o)
                              (__cxa_guard_dummy)
/home/matt/Desktop/source/esp-cnc/build/cxx/libcxx.a(cxx_exception_stubs.o)
                              (__cxx_fatal_exception)
/home/matt/Desktop/source/esp-cnc/build/esp32/libesp32.a(panic.o)
                              /home/matt/Desktop/source/esp-cnc/build/cxx/libcxx.a(cxx_guards.o) (abort)
/home/matt/Desktop/source/esp-cnc/build/esp32/libesp32.a(system_api.o)
                              /home/matt/Desktop/source/esp-cnc/build/esp32/libesp32.a(panic.o) (esp_restart_noos)
/home/matt/Desktop/source/esp-cnc/build/esp32/libesp32.a(cpu_start.o)
                              (call_start_cpu0)
/home/matt/Desktop/source/esp-cnc/build/esp32/libesp32.a(clk.o)
                              /home/matt/Desktop/source/esp-cnc/build/esp32/libesp32.a(cpu_start.o) (esp_clk_init)
/home/matt/Desktop/source/esp-cnc/build/esp32/libesp32.a(esp_err_to_name.o)
                              /home/matt/Desktop/source/esp-cnc/build/esp32/libesp32.a(panic.o) (esp_err_to_name)
/home/matt/Desktop/source/esp-cnc/build/esp32/libesp32.a(crosscore_int.o)
                              /home/matt/Desktop/source/esp-cnc/build/esp32/libesp32.a(cpu_start.o) (esp_crosscore_int_init)
/home/matt/Desktop/source/esp-cnc/build/esp32/libesp32.a(cache_err_int.o)
                              /home/matt/Desktop/source/esp-cnc/build/esp32/libesp32.a(cpu_start.o) (esp_cache_err_int_init)
/home/matt/Desktop/source/esp-cnc/build/esp32/libesp32.a(ipc.o)
                              /home/matt/Desktop/source/esp-cnc/build/esp32/libesp32.a(cpu_start.o) (esp_ipc_init)
/home/matt/Desktop/source/esp-cnc/build/esp32/libesp32.a(intr_alloc.o)
                              /home/matt/Desktop/source/esp-cnc/build/esp32/libesp32.a(crosscore_int.o) (esp_intr_alloc)
/home/matt/Desktop/source/esp-cnc/build/esp32/libesp32.a(esp_timer.o)
                              /home/matt/Desktop/source/esp-cnc/build/esp32/libesp32.a(cpu_start.o) (esp_timer_init)
/home/matt/Desktop/source/esp-cnc/build/esp32/libesp32.a(dport_access.o)
                              /home/matt/Desktop/source/esp-cnc/build/esp32/libesp32.a(system_api.o) (esp_dport_access_stall_other_cpu_start)
/home/matt/Desktop/source/esp-cnc/build/esp32/libesp32.a(brownout.o)
                              /home/matt/Desktop/source/esp-cnc/build/esp32/libesp32.a(cpu_start.o) (esp_brownout_init)
/home/matt/Desktop/source/esp-cnc/build/esp32/libesp32.a(int_wdt.o)
                              /home/matt/Desktop/source/esp-cnc/build/esp32/libesp32.a(cpu_start.o) (esp_int_wdt_init)
/home/matt/Desktop/source/esp-cnc/build/esp32/libesp32.a(dport_panic_highint_hdl.o)
                              (ld_include_panic_highint_hdl)
/home/matt/Desktop/source/esp-cnc/build/esp32/libesp32.a(task_wdt.o)
                              /home/matt/Desktop/source/esp-cnc/build/esp32/libesp32.a(cpu_start.o) (esp_task_wdt_init)
/home/matt/Desktop/source/esp-cnc/build/esp32/libesp32.a(dbg_stubs.o)
                              /home/matt/Desktop/source/esp-cnc/build/esp32/libesp32.a(cpu_start.o) (esp_dbg_stubs_init)
/home/matt/Desktop/source/esp-cnc/build/esp32/libesp32.a(esp_timer_esp32.o)
                              /home/matt/Desktop/source/esp-cnc/build/esp32/libesp32.a(esp_timer.o) (esp_timer_impl_get_time)
/home/matt/Desktop/source/esp-cnc/build/esp32/libesp32.a(freertos_hooks.o)
                              /home/matt/Desktop/source/esp-cnc/build/esp32/libesp32.a(task_wdt.o) (esp_register_freertos_idle_hook_for_cpu)
/home/matt/esp/esp-idf/components/esp32/libhal.a(int_asm--set_intclear.o)
                              /home/matt/Desktop/source/esp-cnc/build/esp32/libesp32.a(intr_alloc.o) (xthal_set_intclear)
/home/matt/Desktop/source/esp-cnc/build/freertos/libfreertos.a(xtensa_intr.o)
                              /home/matt/Desktop/source/esp-cnc/build/esp32/libesp32.a(intr_alloc.o) (xt_unhandled_interrupt)
/home/matt/Desktop/source/esp-cnc/build/freertos/libfreertos.a(queue.o)
                              /home/matt/Desktop/source/esp-cnc/build/esp32/libesp32.a(ipc.o) (xQueueGenericCreate)
/home/matt/Desktop/source/esp-cnc/build/freertos/libfreertos.a(list.o)
                              /home/matt/Desktop/source/esp-cnc/build/freertos/libfreertos.a(queue.o) (vListInitialise)
/home/matt/Desktop/source/esp-cnc/build/freertos/libfreertos.a(port.o)
                              /home/matt/Desktop/source/esp-cnc/build/esp32/libesp32.a(cpu_start.o) (port_xSchedulerRunning)
/home/matt/Desktop/source/esp-cnc/build/freertos/libfreertos.a(tasks.o)
                              /home/matt/Desktop/source/esp-cnc/build/esp32/libesp32.a(system_api.o) (vTaskSuspendAll)
/home/matt/Desktop/source/esp-cnc/build/freertos/libfreertos.a(timers.o)
[...]
Memory Configuration

Name             Origin             Length             Attributes
iram0_0_seg      0x0000000040080000 0x0000000000020000 xr
iram0_2_seg      0x00000000400d0018 0x000000000032ffe8 xr
dram0_0_seg      0x000000003ffb0000 0x000000000002c200 rw
drom0_0_seg      0x000000003f400018 0x00000000003fffe8 r
rtc_iram_seg     0x00000000400c0000 0x0000000000002000 xrw
rtc_slow_seg     0x0000000050000000 0x0000000000001000 rw
rtc_data_seg     0x0000000000000000 0xffffffffffffffff
rtc_data_location 0x0000000000000000 0xffffffffffffffff
*default*        0x0000000000000000 0xffffffffffffffff

Linker script and memory map

START GROUP
LOAD /home/matt/Desktop/source/esp-cnc/build/app_trace/libapp_trace.a
LOAD /home/matt/Desktop/source/esp-cnc/build/app_update/libapp_update.a
LOAD /home/matt/Desktop/source/esp-cnc/build/bootloader_support/libbootloader_support.a
LOAD /home/matt/Desktop/source/esp-cnc/build/bt/libbt.a
LOAD /home/matt/Desktop/source/esp-cnc/build/coap/libcoap.a
LOAD /home/matt/Desktop/source/esp-cnc/build/console/libconsole.a
LOAD /home/matt/Desktop/source/esp-cnc/build/cxx/libcxx.a
LOAD /home/matt/Desktop/source/esp-cnc/build/driver/libdriver.a
LOAD /home/matt/Desktop/source/esp-cnc/build/esp-tls/libesp-tls.a
LOAD /home/matt/Desktop/source/esp-cnc/build/esp32/libesp32.a
LOAD /home/matt/esp/esp-idf/components/esp32/libhal.a
LOAD /home/matt/esp/esp-idf/components/esp32/lib/libcore.a
LOAD /home/matt/esp/esp-idf/components/esp32/lib/librtc.a
LOAD /home/matt/esp/esp-idf/components/esp32/lib/libnet80211.a
LOAD /home/matt/esp/esp-idf/components/esp32/lib/libpp.a
LOAD /home/matt/esp/esp-idf/components/esp32/lib/libwpa.a
LOAD /home/matt/esp/esp-idf/components/esp32/lib/libsmartconfig.a
LOAD /home/matt/esp/esp-idf/components/esp32/lib/libcoexist.a
LOAD /home/matt/esp/esp-idf/components/esp32/lib/libwps.a
LOAD /home/matt/esp/esp-idf/components/esp32/lib/libwpa2.a
LOAD /home/matt/esp/esp-idf/components/esp32/lib/libespnow.a
LOAD /home/matt/esp/esp-idf/components/esp32/lib/libphy.a
LOAD /home/matt/esp/esp-idf/components/esp32/lib/libmesh.a
LOAD /home/matt/Desktop/source/esp-cnc/build/esp_adc_cal/libesp_adc_cal.a
LOAD /home/matt/Desktop/source/esp-cnc/build/esp_http_client/libesp_http_client.a
LOAD /home/matt/Desktop/source/esp-cnc/build/esp_https_ota/libesp_https_ota.a
LOAD /home/matt/Desktop/source/esp-cnc/build/ethernet/libethernet.a
LOAD /home/matt/Desktop/source/esp-cnc/build/expat/libexpat.a
LOAD /home/matt/Desktop/source/esp-cnc/build/fatfs/libfatfs.a
LOAD /home/matt/Desktop/source/esp-cnc/build/freertos/libfreertos.a
LOAD /home/matt/Desktop/source/esp-cnc/build/heap/libheap.a
LOAD /home/matt/Desktop/source/esp-cnc/build/idf_test/libidf_test.a
LOAD /home/matt/Desktop/source/esp-cnc/build/jsmn/libjsmn.a
LOAD /home/matt/Desktop/source/esp-cnc/build/json/libjson.a
LOAD /home/matt/Desktop/source/esp-cnc/build/libsodium/liblibsodium.a
LOAD /home/matt/Desktop/source/esp-cnc/build/log/liblog.a
LOAD /home/matt/Desktop/source/esp-cnc/build/lwip/liblwip.a
LOAD /home/matt/Desktop/source/esp-cnc/build/main/libmain.a
LOAD /home/matt/Desktop/source/esp-cnc/build/mbedtls/libmbedtls.a
LOAD /home/matt/Desktop/source/esp-cnc/build/mdns/libmdns.a
LOAD /home/matt/Desktop/source/esp-cnc/build/micro-ecc/libmicro-ecc.a
LOAD /home/matt/esp/esp-idf/components/newlib/lib/libc.a
LOAD /home/matt/esp/esp-idf/components/newlib/lib/libm.a
LOAD /home/matt/Desktop/source/esp-cnc/build/newlib/libnewlib.a
LOAD /home/matt/Desktop/source/esp-cnc/build/nghttp/libnghttp.a
LOAD /home/matt/Desktop/source/esp-cnc/build/nvs_flash/libnvs_flash.a
LOAD /home/matt/Desktop/source/esp-cnc/build/openssl/libopenssl.a
LOAD /home/matt/Desktop/source/esp-cnc/build/pthread/libpthread.a
LOAD /home/matt/Desktop/source/esp-cnc/build/sdmmc/libsdmmc.a
LOAD /home/matt/Desktop/source/esp-cnc/build/smartconfig_ack/libsmartconfig_ack.a
LOAD /home/matt/Desktop/source/esp-cnc/build/soc/libsoc.a
LOAD /home/matt/Desktop/source/esp-cnc/build/spi_flash/libspi_flash.a
LOAD /home/matt/Desktop/source/esp-cnc/build/spiffs/libspiffs.a
LOAD /home/matt/Desktop/source/esp-cnc/build/tcpip_adapter/libtcpip_adapter.a
LOAD /home/matt/Desktop/source/esp-cnc/build/ulp/libulp.a
LOAD /home/matt/Desktop/source/esp-cnc/build/vfs/libvfs.a
LOAD /home/matt/Desktop/source/esp-cnc/build/wear_levelling/libwear_levelling.a
LOAD /home/matt/Desktop/source/esp-cnc/build/wpa_supplicant/libwpa_supplicant.a
LOAD /home/matt/Desktop/source/esp-cnc/build/xtensa-debug-module/libxtensa-debug-module.a
LOAD /home/matt/esp/xtensa-esp32-elf/bin/../lib/gcc/xtensa-esp32-elf/5.2.0/libgcc.a
LOAD /home/matt/esp/xtensa-esp32-elf/bin/../lib/gcc/xtensa-esp32-elf/5.2.0/../../../../xtensa-esp32-elf/lib/libstdc++.a
LOAD /home/matt/esp/xtensa-esp32-elf/bin/../lib/gcc/xtensa-esp32-elf/5.2.0/libgcov.a
END GROUP
                0x0000000040000000                _heap_end = 0x40000000

.rtc.text       0x00000000400c0000        0x0
                0x00000000400c0000                . = ALIGN (0x4)
 *(.rtc.literal .rtc.text .rtc.text.*)
 *rtc_wake_stub*.*(.literal .text .literal.* .text.*)
                0x00000000400c0000                _rtc_text_end = ABSOLUTE (.)

.rtc.dummy      0x0000000000000000        0x0
                0x0000000000000000                _rtc_dummy_start = ABSOLUTE (.)
                0x0000000000000000                _rtc_fast_start = ABSOLUTE (.)
                0x0000000000000000                . = SIZEOF (.rtc.text)
                0x0000000000000000                _rtc_dummy_end = ABSOLUTE (.)

.rtc.force_fast
                0x0000000000000000        0x0
                0x0000000000000000                . = ALIGN (0x4)
                0x0000000000000000                _rtc_force_fast_start = ABSOLUTE (.)
 *(.rtc.force_fast .rtc.force_fast.*)
                0x0000000000000000                . = ALIGN (0x4)
                0x0000000000000000                _rtc_force_fast_end = ABSOLUTE (.)

.rtc.data       0x0000000000000000        0x0
                0x0000000000000000                _rtc_data_start = ABSOLUTE (.)
 *(.rtc.data .rtc.data.* .rtc.rodata .rtc.rodata.*)
 *rtc_wake_stub*.*(.data .rodata .data.* .rodata.* .bss .bss.*)
                0x0000000000000000                _rtc_data_end = ABSOLUTE (.)

.rtc.bss        0x0000000000000000        0x0
                0x0000000000000000                _rtc_bss_start = ABSOLUTE (.)
 *rtc_wake_stub*.*(.bss .bss.*)
 *rtc_wake_stub*.*(COMMON)
 *(.rtc.bss)
                0x0000000000000000                _rtc_bss_end = ABSOLUTE (.)

.rtc_noinit     0x0000000000000000        0x0
                0x0000000000000000                . = ALIGN (0x4)
                0x0000000000000000                _rtc_noinit_start = ABSOLUTE (.)
 *(.rtc_noinit .rtc_noinit.*)
                0x0000000000000000                . = ALIGN (0x4)
                0x0000000000000000                _rtc_noinit_end = ABSOLUTE (.)

.rtc.force_slow
                0x0000000050000000        0x0
                0x0000000050000000                . = ALIGN (0x4)
                0x0000000050000000                _rtc_force_slow_start = ABSOLUTE (.)
 *(.rtc.force_slow .rtc.force_slow.*)
                0x0000000050000000                . = ALIGN (0x4)
                0x0000000050000000                _rtc_force_slow_end = ABSOLUTE (.)
                0x0000000000000000                _rtc_slow_length = (ORIGIN (rtc_slow_seg) == ORIGIN (rtc_data_location))?(_rtc_force_slow_end - _rtc_data_start):(_rtc_force_slow_end - _rtc_force_slow_start)
                0x0000000000000000                _rtc_fast_length = (ORIGIN (rtc_slow_seg) == ORIGIN (rtc_data_location))?(_rtc_force_fast_end - _rtc_fast_start):(_rtc_noinit_end - _rtc_fast_start)
                0x0000000000000001                ASSERT ((_rtc_slow_length <= 0x1000), RTC_SLOW segment data does not fit.)
                0x0000000000000001                ASSERT ((_rtc_fast_length <= 0xffffffffffffffff), RTC_FAST segment data does not fit.)

.iram0.vectors  0x0000000040080000      0x400
                0x0000000040080000                _iram_start = ABSOLUTE (.)
                0x0000000040080000                _init_start = ABSOLUTE (.)
                0x0000000000000000                . = 0x0
 *(.WindowVectors.text)
 .WindowVectors.text
                0x0000000040080000      0x16a /home/matt/Desktop/source/esp-cnc/build/freertos/libfreertos.a(xtensa_vectors.o)
                0x0000000040080000                _WindowOverflow4
                0x0000000040080040                _WindowUnderflow4
                0x0000000040080050                _xt_alloca_exc
                0x0000000040080080                _WindowOverflow8
                0x00000000400800c0                _WindowUnderflow8
                0x0000000040080100                _WindowOverflow12
                0x0000000040080140                _WindowUnderflow12
                0x0000000000000180                . = 0x180
 *fill*         0x000000004008016a       0x16 
 *(.Level2InterruptVector.text)
 .Level2InterruptVector.text
                0x0000000040080180        0x6 /home/matt/Desktop/source/esp-cnc/build/freertos/libfreertos.a(xtensa_vectors.o)
                0x0000000040080180                _Level2Vector
                0x00000000000001c0                . = 0x1c0
 *fill*         0x0000000040080186       0x3a 
 *(.Level3InterruptVector.text)
 .Level3InterruptVector.text
                0x00000000400801c0        0x6 /home/matt/Desktop/source/esp-cnc/build/freertos/libfreertos.a(xtensa_vectors.o)
                0x00000000400801c0                _Level3Vector
                0x0000000000000200                . = 0x200
 *fill*         0x00000000400801c6       0x3a 
 *(.Level4InterruptVector.text)
 .Level4InterruptVector.text
                0x0000000040080200        0x6 /home/matt/Desktop/source/esp-cnc/build/freertos/libfreertos.a(xtensa_vectors.o)
                0x0000000040080200                _Level4Vector
                0x0000000000000240                . = 0x240
 *fill*         0x0000000040080206       0x3a 
 *(.Level5InterruptVector.text)
 .Level5InterruptVector.text
                0x0000000040080240        0x6 /home/matt/Desktop/source/esp-cnc/build/freertos/libfreertos.a(xtensa_vectors.o)
                0x0000000040080240                _Level5Vector
                0x0000000000000280                . = 0x280
 *fill*         0x0000000040080246       0x3a 
 *(.DebugExceptionVector.text)
 .DebugExceptionVector.text
                0x0000000040080280        0x6 /home/matt/Desktop/source/esp-cnc/build/freertos/libfreertos.a(xtensa_vectors.o)
                0x0000000040080280                _DebugExceptionVector
                0x00000000000002c0                . = 0x2c0
 *fill*         0x0000000040080286       0x3a 
 *(.NMIExceptionVector.text)
 .NMIExceptionVector.text
                0x00000000400802c0        0x6 /home/matt/Desktop/source/esp-cnc/build/freertos/libfreertos.a(xtensa_vectors.o)
                0x00000000400802c0                _NMIExceptionVector
                0x0000000000000300                . = 0x300
 *fill*         0x00000000400802c6       0x3a 
 *(.KernelExceptionVector.text)
 .KernelExceptionVector.text
                0x0000000040080300        0x6 /home/matt/Desktop/source/esp-cnc/build/freertos/libfreertos.a(xtensa_vectors.o)
                0x0000000040080300                _KernelExceptionVector
                0x0000000000000340                . = 0x340
 *fill*         0x0000000040080306       0x3a 
 *(.UserExceptionVector.text)
 .UserExceptionVector.text
                0x0000000040080340        0x6 /home/matt/Desktop/source/esp-cnc/build/freertos/libfreertos.a(xtensa_vectors.o)
                0x0000000040080340                _UserExceptionVector
                0x00000000000003c0                . = 0x3c0
 *fill*         0x0000000040080346       0x7a 
 *(.DoubleExceptionVector.text)
 .DoubleExceptionVector.text
                0x00000000400803c0        0xf /home/matt/Desktop/source/esp-cnc/build/freertos/libfreertos.a(xtensa_vectors.o)
                0x00000000400803c0                _DoubleExceptionVector
                0x0000000000000400                . = 0x400
 *fill*         0x00000000400803cf       0x31 
 *(.*Vector.literal)
 *(.UserEnter.literal)
 *(.UserEnter.text)
                0x0000000040080400                . = ALIGN (0x10)
 *(.entry.text)
 *(.init.literal)
 *(.init)
                0x0000000040080400                _init_end = ABSOLUTE (.)

.iram0.text     0x0000000040080400     0x844b
                0x0000000040080400                _iram_text_start = ABSOLUTE (.)
 *(.iram1 .iram1.*)
 .iram1.literal
                0x0000000040080400       0x64 /home/matt/Desktop/source/esp-cnc/build/esp32/libesp32.a(system_api.o)
                                         0xb4 (size before relaxing)
 .iram1.literal
                0x0000000040080464       0xc4 /home/matt/Desktop/source/esp-cnc/build/esp32/libesp32.a(cpu_start.o)
                                        0x1f0 (size before relaxing)
 .iram1.literal
                0x0000000040080528        0xc /home/matt/Desktop/source/esp-cnc/build/esp32/libesp32.a(clk.o)
                                         0x18 (size before relaxing)
 .iram1.literal
                0x0000000040080534       0x1c /home/matt/Desktop/source/esp-cnc/build/esp32/libesp32.a(crosscore_int.o)
                                         0x40 (size before relaxing)
 .iram1.literal
                0x0000000040080550        0xc /home/matt/Desktop/source/esp-cnc/build/esp32/libesp32.a(cache_err_int.o)
                                         0x18 (size before relaxing)
 .iram1.literal
                0x000000004008055c       0x20 /home/matt/Desktop/source/esp-cnc/build/esp32/libesp32.a(ipc.o)
                                         0x34 (size before relaxing)
 .iram1.literal
                0x000000004008057c       0x1c /home/matt/Desktop/source/esp-cnc/build/esp32/libesp32.a(intr_alloc.o)
                                         0x7c (size before relaxing)
 .iram1.literal
                0x0000000040080598       0x18 /home/matt/Desktop/source/esp-cnc/build/esp32/libesp32.a(esp_timer.o)
                                         0x60 (size before relaxing)
 .iram1.literal
                0x00000000400805b0       0x38 /home/matt/Desktop/source/esp-cnc/build/esp32/libesp32.a(dport_access.o)
                                         0x88 (size before relaxing)
 .iram1.literal
                0x00000000400805e8        0x4 /home/matt/Desktop/source/esp-cnc/build/esp32/libesp32.a(int_wdt.o)
                                          0xc (size before relaxing)
 .iram1.literal
                0x00000000400805ec       0x10 /home/matt/Desktop/source/esp-cnc/build/esp32/libesp32.a(dport_panic_highint_hdl.o)
                                         0x28 (size before relaxing)
 .iram1.literal
                0x00000000400805fc       0x60 /home/matt/Desktop/source/esp-cnc/build/esp32/libesp32.a(esp_timer_esp32.o)
                                         0xec (size before relaxing)
 .iram1.literal
                0x000000004008065c        0x4 /home/matt/Desktop/source/esp-cnc/build/esp32/libesp32.a(freertos_hooks.o)
 .iram1.literal
                0x0000000040080660        0x4 /home/matt/Desktop/source/esp-cnc/build/freertos/libfreertos.a(port.o)
 .iram1.literal
                0x0000000040080664       0x44 /home/matt/Desktop/source/esp-cnc/build/freertos/libfreertos.a(xtensa_vectors.o)
                                         0x68 (size before relaxing)
 .iram1.literal
                0x00000000400806a8       0x58 /home/matt/Desktop/source/esp-cnc/build/heap/libheap.a(heap_caps.o)
                                         0xa4 (size before relaxing)
 .iram1.literal
                0x0000000040080700       0x24 /home/matt/Desktop/source/esp-cnc/build/log/liblog.a(log.o)
                                         0x48 (size before relaxing)
 .iram1.literal
                0x0000000040080724        0x8 /home/matt/Desktop/source/esp-cnc/build/newlib/libnewlib.a(time.o)
                                         0x28 (size before relaxing)
 .iram1.literal
                0x000000004008072c        0x4 /home/matt/Desktop/source/esp-cnc/build/newlib/libnewlib.a(syscalls.o)
                                         0x14 (size before relaxing)
 .iram1.literal
                0x0000000040080730        0x8 /home/matt/Desktop/source/esp-cnc/build/newlib/libnewlib.a(reent_init.o)
                                         0x10 (size before relaxing)
 .iram1.literal
                0x0000000040080738       0x14 /home/matt/Desktop/source/esp-cnc/build/newlib/libnewlib.a(locks.o)
                                         0x84 (size before relaxing)
 .iram1.literal
                0x000000004008074c       0x1c /home/matt/Desktop/source/esp-cnc/build/soc/libsoc.a(cpu_util.o)
                                         0x30 (size before relaxing)
 .iram1.literal
                0x0000000040080768       0x50 /home/matt/Desktop/source/esp-cnc/build/spi_flash/libspi_flash.a(cache_utils.o)
                                         0xfc (size before relaxing)
 .iram1.literal
                0x00000000400807b8       0x3c /home/matt/Desktop/source/esp-cnc/build/spi_flash/libspi_flash.a(flash_ops.o)
                                         0xf4 (size before relaxing)
 .iram1.literal
                0x00000000400807f4       0x4c /home/matt/Desktop/source/esp-cnc/build/spi_flash/libspi_flash.a(flash_mmap.o)
                                        0x130 (size before relaxing)
 .iram1.literal
                0x0000000040080840        0xc /home/matt/Desktop/source/esp-cnc/build/driver/libdriver.a(i2s.o)
                                         0x54 (size before relaxing)
 .literal.esp_rom_spiflash_read_status
                0x000000004008084c       0x14 /home/matt/Desktop/source/esp-cnc/build/spi_flash/libspi_flash.a(spi_flash_rom_patch.o)
 .literal.esp_rom_spiflash_wait_idle
                0x0000000040080860        0x8 /home/matt/Desktop/source/esp-cnc/build/spi_flash/libspi_flash.a(spi_flash_rom_patch.o)
                                          0xc (size before relaxing)
 .literal.esp_rom_spiflash_enable_write$constprop$6
                0x0000000040080868        0x4 /home/matt/Desktop/source/esp-cnc/build/spi_flash/libspi_flash.a(spi_flash_rom_patch.o)
                                         0x14 (size before relaxing)
 .literal.esp_rom_spiflash_program_page_internal$constprop$4
                0x000000004008086c       0x14 /home/matt/Desktop/source/esp-cnc/build/spi_flash/libspi_flash.a(spi_flash_rom_patch.o)
                                         0x28 (size before relaxing)
 .literal.esp_rom_spiflash_read_statushigh
                0x0000000040080880        0x0 /home/matt/Desktop/source/esp-cnc/build/spi_flash/libspi_flash.a(spi_flash_rom_patch.o)
                                          0xc (size before relaxing)
 .literal.esp_rom_spiflash_write_status
                0x0000000040080880        0x4 /home/matt/Desktop/source/esp-cnc/build/spi_flash/libspi_flash.a(spi_flash_rom_patch.o)
                                         0x14 (size before relaxing)
 .literal.esp_rom_spiflash_unlock
                0x0000000040080884        0x4 /home/matt/Desktop/source/esp-cnc/build/spi_flash/libspi_flash.a(spi_flash_rom_patch.o)
                                         0x28 (size before relaxing)
 .literal.esp_rom_spiflash_erase_block
                0x0000000040080888       0x14 /home/matt/Desktop/source/esp-cnc/build/spi_flash/libspi_flash.a(spi_flash_rom_patch.o)
                                         0x34 (size before relaxing)
 .literal.esp_rom_spiflash_erase_sector
                0x000000004008089c        0x4 /home/matt/Desktop/source/esp-cnc/build/spi_flash/libspi_flash.a(spi_flash_rom_patch.o)
                                         0x34 (size before relaxing)
 .literal.esp_rom_spiflash_write
                0x00000000400808a0        0x0 /home/matt/Desktop/source/esp-cnc/build/spi_flash/libspi_flash.a(spi_flash_rom_patch.o)
                                         0x24 (size before relaxing)
 .literal.esp_rom_spiflash_write_encrypted
                0x00000000400808a0        0xc /home/matt/Desktop/source/esp-cnc/build/spi_flash/libspi_flash.a(spi_flash_rom_patch.o)
                                         0x10 (size before relaxing)
 .literal.esp_rom_spiflash_read
                0x00000000400808ac       0x38 /home/matt/Desktop/source/esp-cnc/build/spi_flash/libspi_flash.a(spi_flash_rom_patch.o)
                                         0x70 (size before relaxing)
 .literal       0x00000000400808e4        0x4 /home/matt/esp/esp-idf/components/esp32/libhal.a(windowspill_asm.o)
 .literal.panicPutChar
                0x00000000400808e8        0x4 /home/matt/Desktop/source/esp-cnc/build/esp32/libesp32.a(panic.o)
                                          0x8 (size before relaxing)
 .literal.panicPutStr
                0x00000000400808ec        0x0 /home/matt/Desktop/source/esp-cnc/build/esp32/libesp32.a(panic.o)
                                          0x4 (size before relaxing)
 .literal.panicPutHex
                0x00000000400808ec        0x0 /home/matt/Desktop/source/esp-cnc/build/esp32/libesp32.a(panic.o)
                                          0x4 (size before relaxing)
 .literal.panicPutDec
                0x00000000400808ec        0x4 /home/matt/Desktop/source/esp-cnc/build/esp32/libesp32.a(panic.o)
                                          0xc (size before relaxing)
 .literal.unlikely.putEntry
                0x00000000400808f0        0xc /home/matt/Desktop/source/esp-cnc/build/esp32/libesp32.a(panic.o)
                                         0x20 (size before relaxing)
 .literal.invoke_abort
                0x00000000400808fc        0x4 /home/matt/Desktop/source/esp-cnc/build/esp32/libesp32.a(panic.o)
                                          0x8 (size before relaxing)
 .literal.unlikely.commonErrorHandler_dump
                0x0000000040080900       0x40 /home/matt/Desktop/source/esp-cnc/build/esp32/libesp32.a(panic.o)
                                         0xb0 (size before relaxing)
 .literal.abort
                0x0000000040080940        0x8 /home/matt/Desktop/source/esp-cnc/build/esp32/libesp32.a(panic.o)
                                         0x10 (size before relaxing)
 .literal.vApplicationStackOverflowHook
                0x0000000040080948        0x8 /home/matt/Desktop/source/esp-cnc/build/esp32/libesp32.a(panic.o)
                                         0x18 (size before relaxing)
 .literal.esp_panic_wdt_stop
                0x0000000040080950        0x8 /home/matt/Desktop/source/esp-cnc/build/esp32/libesp32.a(panic.o)
                                         0x18 (size before relaxing)
 .literal.commonErrorHandler
                0x0000000040080958       0x20 /home/matt/Desktop/source/esp-cnc/build/esp32/libesp32.a(panic.o)
                                         0x74 (size before relaxing)
 .literal.panicHandler
                0x0000000040080978       0x34 /home/matt/Desktop/source/esp-cnc/build/esp32/libesp32.a(panic.o)
                                         0xa0 (size before relaxing)
 .literal.xt_unhandled_exception
                0x00000000400809ac       0x2c /home/matt/Desktop/source/esp-cnc/build/esp32/libesp32.a(panic.o)
                                         0x98 (size before relaxing)
 .literal._esp_error_check_failed
                0x00000000400809d8       0x14 /home/matt/Desktop/source/esp-cnc/build/esp32/libesp32.a(panic.o)
                                         0x30 (size before relaxing)
 .literal.rtc_clk_32k_enable_internal$constprop$4
                0x00000000400809ec       0x14 /home/matt/Desktop/source/esp-cnc/build/soc/libsoc.a(rtc_clk.o)
 .literal.rtc_clk_32k_enable
                0x0000000040080a00        0x4 /home/matt/Desktop/source/esp-cnc/build/soc/libsoc.a(rtc_clk.o)
                                          0xc (size before relaxing)
 .literal.rtc_clk_32k_bootstrap
                0x0000000040080a04        0xc /home/matt/Desktop/source/esp-cnc/build/soc/libsoc.a(rtc_clk.o)
                                         0x34 (size before relaxing)
 .literal.rtc_clk_apll_enable
                0x0000000040080a10       0x20 /home/matt/Desktop/source/esp-cnc/build/soc/libsoc.a(rtc_clk.o)
                                         0x50 (size before relaxing)
 .literal.rtc_clk_slow_freq_set
                0x0000000040080a30        0x0 /home/matt/Desktop/source/esp-cnc/build/soc/libsoc.a(rtc_clk.o)
                                          0xc (size before relaxing)
 .literal.rtc_clk_slow_freq_get_hz
                0x0000000040080a30        0x4 /home/matt/Desktop/source/esp-cnc/build/soc/libsoc.a(rtc_clk.o)
                                          0x8 (size before relaxing)
 .literal.rtc_clk_fast_freq_set
                0x0000000040080a34        0x0 /home/matt/Desktop/source/esp-cnc/build/soc/libsoc.a(rtc_clk.o)
                                          0xc (size before relaxing)
 .literal.rtc_clk_bbpll_set
                0x0000000040080a34       0x24 /home/matt/Desktop/source/esp-cnc/build/soc/libsoc.a(rtc_clk.o)
                                         0x78 (size before relaxing)
 .literal.rtc_clk_xtal_freq_get
                0x0000000040080a58        0xc /home/matt/Desktop/source/esp-cnc/build/soc/libsoc.a(rtc_clk.o)
                                         0x18 (size before relaxing)
 .literal.rtc_clk_cpu_freq_get
                0x0000000040080a64       0x14 /home/matt/Desktop/source/esp-cnc/build/soc/libsoc.a(rtc_clk.o)
                                         0x24 (size before relaxing)
 .literal.rtc_clk_cpu_freq_value
                0x0000000040080a78       0x1c /home/matt/Desktop/source/esp-cnc/build/soc/libsoc.a(rtc_clk.o)
                                         0x2c (size before relaxing)
 .literal.rtc_clk_apb_freq_update
                0x0000000040080a94        0x4 /home/matt/Desktop/source/esp-cnc/build/soc/libsoc.a(rtc_clk.o)
 .literal.rtc_clk_cpu_freq_set
                0x0000000040080a98       0x18 /home/matt/Desktop/source/esp-cnc/build/soc/libsoc.a(rtc_clk.o)
                                         0x7c (size before relaxing)
 .literal.rtc_clk_apb_freq_get
                0x0000000040080ab0        0x8 /home/matt/Desktop/source/esp-cnc/build/soc/libsoc.a(rtc_clk.o)
                                         0x10 (size before relaxing)
 .literal.rtc_init
                0x0000000040080ab8       0x6c /home/matt/Desktop/source/esp-cnc/build/soc/libsoc.a(rtc_init.o)
                                         0xdc (size before relaxing)
 .literal.rtc_clk_cal_internal
                0x0000000040080b24       0x1c /home/matt/Desktop/source/esp-cnc/build/soc/libsoc.a(rtc_time.o)
                                         0x38 (size before relaxing)
 .literal.rtc_clk_cal
                0x0000000040080b40        0x0 /home/matt/Desktop/source/esp-cnc/build/soc/libsoc.a(rtc_time.o)
                                          0xc (size before relaxing)
 .literal.rtc_time_get
                0x0000000040080b40       0x10 /home/matt/Desktop/source/esp-cnc/build/soc/libsoc.a(rtc_time.o)
                                         0x18 (size before relaxing)
 .literal.rtc_clk_wait_for_slow_cycle
                0x0000000040080b50        0x8 /home/matt/Desktop/source/esp-cnc/build/soc/libsoc.a(rtc_time.o)
                                         0x1c (size before relaxing)
 .literal.xt_unhandled_interrupt
                0x0000000040080b58        0x4 /home/matt/Desktop/source/esp-cnc/build/freertos/libfreertos.a(xtensa_intr.o)
                                          0x8 (size before relaxing)
 .literal.xt_set_interrupt_handler
                0x0000000040080b5c        0x8 /home/matt/Desktop/source/esp-cnc/build/freertos/libfreertos.a(xtensa_intr.o)
                                          0xc (size before relaxing)
 .literal.prvCopyDataToQueue
                0x0000000040080b64        0x0 /home/matt/Desktop/source/esp-cnc/build/freertos/libfreertos.a(queue.o)
                                          0xc (size before relaxing)
 .literal.prvCopyDataFromQueue
                0x0000000040080b64        0x0 /home/matt/Desktop/source/esp-cnc/build/freertos/libfreertos.a(queue.o)
                                          0x4 (size before relaxing)
 .literal.prvNotifyQueueSetContainer
                0x0000000040080b64       0x14 /home/matt/Desktop/source/esp-cnc/build/freertos/libfreertos.a(queue.o)
                                         0x2c (size before relaxing)
 .literal.xQueueGenericReset
                0x0000000040080b78        0x4 /home/matt/Desktop/source/esp-cnc/build/freertos/libfreertos.a(queue.o)
                                         0x30 (size before relaxing)
 .literal.xQueueGenericCreate
                0x0000000040080b7c        0x4 /home/matt/Desktop/source/esp-cnc/build/freertos/libfreertos.a(queue.o)
                                         0x1c (size before relaxing)
 .literal.xQueueGetMutexHolder
                0x0000000040080b80        0x0 /home/matt/Desktop/source/esp-cnc/build/freertos/libfreertos.a(queue.o)
                                          0x8 (size before relaxing)
 .literal.xQueueCreateCountingSemaphore
                0x0000000040080b80        0x4 /home/matt/Desktop/source/esp-cnc/build/freertos/libfreertos.a(queue.o)
                                         0x18 (size before relaxing)
 .literal.xQueueGenericSend
                0x0000000040080b84        0x4 /home/matt/Desktop/source/esp-cnc/build/freertos/libfreertos.a(queue.o)
                                         0x60 (size before relaxing)
 .literal.xQueueCreateMutex
                0x0000000040080b88        0x0 /home/matt/Desktop/source/esp-cnc/build/freertos/libfreertos.a(queue.o)
                                          0xc (size before relaxing)
 .literal.xQueueGiveMutexRecursive
                0x0000000040080b88        0x4 /home/matt/Desktop/source/esp-cnc/build/freertos/libfreertos.a(queue.o)
                                         0x1c (size before relaxing)
 .literal.xQueueGenericSendFromISR
                0x0000000040080b8c        0x4 /home/matt/Desktop/source/esp-cnc/build/freertos/libfreertos.a(queue.o)
                                         0x2c (size before relaxing)
 .literal.xQueueGiveFromISR
                0x0000000040080b90        0x4 /home/matt/Desktop/source/esp-cnc/build/freertos/libfreertos.a(queue.o)
                                         0x28 (size before relaxing)
 .literal.xQueueGenericReceive
                0x0000000040080b94        0x4 /home/matt/Desktop/source/esp-cnc/build/freertos/libfreertos.a(queue.o)
                                         0x60 (size before relaxing)
 .literal.xQueueTakeMutexRecursive
                0x0000000040080b98        0x4 /home/matt/Desktop/source/esp-cnc/build/freertos/libfreertos.a(queue.o)
                                         0x1c (size before relaxing)
 .literal.xQueueReceiveFromISR
                0x0000000040080b9c        0x4 /home/matt/Desktop/source/esp-cnc/build/freertos/libfreertos.a(queue.o)
                                         0x28 (size before relaxing)
 .literal.uxQueueSpacesAvailable
                0x0000000040080ba0        0x4 /home/matt/Desktop/source/esp-cnc/build/freertos/libfreertos.a(queue.o)
                                         0x1c (size before relaxing)
 .literal.vQueueDelete
                0x0000000040080ba4        0x4 /home/matt/Desktop/source/esp-cnc/build/freertos/libfreertos.a(queue.o)
                                         0x18 (size before relaxing)
 .literal.xQueueIsQueueFullFromISR
                0x0000000040080ba8        0x4 /home/matt/Desktop/source/esp-cnc/build/freertos/libfreertos.a(queue.o)
                                         0x1c (size before relaxing)
 .literal.vQueueWaitForMessageRestricted
                0x0000000040080bac        0x0 /home/matt/Desktop/source/esp-cnc/build/freertos/libfreertos.a(queue.o)
                                          0xc (size before relaxing)
 .literal.pxPortInitialiseStack
                0x0000000040080bac       0x10 /home/matt/Desktop/source/esp-cnc/build/freertos/libfreertos.a(port.o)
                                         0x18 (size before relaxing)
 .literal.xPortStartScheduler
                0x0000000040080bbc        0x0 /home/matt/Desktop/source/esp-cnc/build/freertos/libfreertos.a(port.o)
                                         0x14 (size before relaxing)
 .literal.xPortSysTickHandler
                0x0000000040080bbc        0x0 /home/matt/Desktop/source/esp-cnc/build/freertos/libfreertos.a(port.o)
                                          0x8 (size before relaxing)
 .literal.vPortYieldOtherCore
                0x0000000040080bbc        0x0 /home/matt/Desktop/source/esp-cnc/build/freertos/libfreertos.a(port.o)
                                          0x4 (size before relaxing)
 .literal.vPortReleaseTaskMPUSettings
                0x0000000040080bbc        0x0 /home/matt/Desktop/source/esp-cnc/build/freertos/libfreertos.a(port.o)
                                          0x4 (size before relaxing)
 .literal.xPortInIsrContext
                0x0000000040080bbc        0x0 /home/matt/Desktop/source/esp-cnc/build/freertos/libfreertos.a(port.o)
                                          0x8 (size before relaxing)
 .literal.vPortCPUInitializeMutex
                0x0000000040080bbc        0x4 /home/matt/Desktop/source/esp-cnc/build/freertos/libfreertos.a(port.o)
 .literal.vPortCPUAcquireMutex
                0x0000000040080bc0       0x1c /home/matt/Desktop/source/esp-cnc/build/freertos/libfreertos.a(port.o)
                                         0x28 (size before relaxing)
 .literal.vPortCPUReleaseMutex
                0x0000000040080bdc        0xc /home/matt/Desktop/source/esp-cnc/build/freertos/libfreertos.a(port.o)
                                         0x1c (size before relaxing)
 .literal.prvInitialiseNewTask
                0x0000000040080be8        0x0 /home/matt/Desktop/source/esp-cnc/build/freertos/libfreertos.a(tasks.o)
                                         0x18 (size before relaxing)
 .literal.prvWriteNameToBuffer
                0x0000000040080be8        0x8 /home/matt/Desktop/source/esp-cnc/build/freertos/libfreertos.a(tasks.o)
 .literal.prvResetNextTaskUnblockTime
                0x0000000040080bf0        0x8 /home/matt/Desktop/source/esp-cnc/build/freertos/libfreertos.a(tasks.o)
 .literal.prvDeleteTLS
                0x0000000040080bf8       0x10 /home/matt/Desktop/source/esp-cnc/build/freertos/libfreertos.a(tasks.o)
                                         0x18 (size before relaxing)
 .literal.prvTaskIsTaskSuspended
                0x0000000040080c08        0xc /home/matt/Desktop/source/esp-cnc/build/freertos/libfreertos.a(tasks.o)
                                         0x1c (size before relaxing)
 .literal.prvDeleteTCB
                0x0000000040080c14        0x8 /home/matt/Desktop/source/esp-cnc/build/freertos/libfreertos.a(tasks.o)
                                         0x28 (size before relaxing)
 .literal.prvAddCurrentTaskToDelayedList
                0x0000000040080c1c        0x8 /home/matt/Desktop/source/esp-cnc/build/freertos/libfreertos.a(tasks.o)
                                         0x1c (size before relaxing)
 .literal.taskYIELD_OTHER_CORE
                0x0000000040080c24        0x0 /home/matt/Desktop/source/esp-cnc/build/freertos/libfreertos.a(tasks.o)
                                          0xc (size before relaxing)
 .literal.vTaskSuspendAll
                0x0000000040080c24        0x4 /home/matt/Desktop/source/esp-cnc/build/freertos/libfreertos.a(tasks.o)
                                          0x8 (size before relaxing)
 .literal.xTaskGetTickCount
                0x0000000040080c28        0x0 /home/matt/Desktop/source/esp-cnc/build/freertos/libfreertos.a(tasks.o)
                                          0x4 (size before relaxing)
 .literal.xTaskGetIdleTaskHandleForCPU
                0x0000000040080c28        0xc /home/matt/Desktop/source/esp-cnc/build/freertos/libfreertos.a(tasks.o)
                                         0x1c (size before relaxing)
 .literal.vTaskSetTimeOutState
                0x0000000040080c34        0xc /home/matt/Desktop/source/esp-cnc/build/freertos/libfreertos.a(tasks.o)
                                         0x20 (size before relaxing)
 .literal.xTaskGetCurrentTaskHandle
                0x0000000040080c40        0x0 /home/matt/Desktop/source/esp-cnc/build/freertos/libfreertos.a(tasks.o)
                                          0x8 (size before relaxing)
 .literal.__getreent
                0x0000000040080c40        0x0 /home/matt/Desktop/source/esp-cnc/build/freertos/libfreertos.a(tasks.o)
                                          0x8 (size before relaxing)
 .literal.pcTaskGetTaskName
                0x0000000040080c40        0x8 /home/matt/Desktop/source/esp-cnc/build/freertos/libfreertos.a(tasks.o)
                                         0x1c (size before relaxing)
 .literal.xTaskGetAffinity
                0x0000000040080c48        0x0 /home/matt/Desktop/source/esp-cnc/build/freertos/libfreertos.a(tasks.o)
                                          0x4 (size before relaxing)
 .literal.xTaskGetCurrentTaskHandleForCPU
                0x0000000040080c48        0x0 /home/matt/Desktop/source/esp-cnc/build/freertos/libfreertos.a(tasks.o)
                                          0x4 (size before relaxing)
 .literal.xTaskGetSchedulerState
                0x0000000040080c48        0x4 /home/matt/Desktop/source/esp-cnc/build/freertos/libfreertos.a(tasks.o)
                                          0xc (size before relaxing)
 .literal.vTaskEnterCritical
                0x0000000040080c4c       0x14 /home/matt/Desktop/source/esp-cnc/build/freertos/libfreertos.a(tasks.o)
                                         0x2c (size before relaxing)
 .literal.vTaskExitCritical
                0x0000000040080c60        0xc /home/matt/Desktop/source/esp-cnc/build/freertos/libfreertos.a(tasks.o)
                                         0x24 (size before relaxing)
 .literal.prvAddNewTaskToReadyList$isra$10
                0x0000000040080c6c       0x2c /home/matt/Desktop/source/esp-cnc/build/freertos/libfreertos.a(tasks.o)
                                         0x90 (size before relaxing)
 .literal.xTaskCreatePinnedToCore
                0x0000000040080c98        0x0 /home/matt/Desktop/source/esp-cnc/build/freertos/libfreertos.a(tasks.o)
                                         0x18 (size before relaxing)
 .literal.vTaskStartScheduler
                0x0000000040080c98       0x14 /home/matt/Desktop/source/esp-cnc/build/freertos/libfreertos.a(tasks.o)
                                         0x40 (size before relaxing)
 .literal.vTaskDelete
                0x0000000040080cac        0x8 /home/matt/Desktop/source/esp-cnc/build/freertos/libfreertos.a(tasks.o)
                                         0x60 (size before relaxing)
 .literal.vTaskDelay
                0x0000000040080cb4        0x4 /home/matt/Desktop/source/esp-cnc/build/freertos/libfreertos.a(tasks.o)
                                         0x38 (size before relaxing)
 .literal.vTaskResume
                0x0000000040080cb8        0x8 /home/matt/Desktop/source/esp-cnc/build/freertos/libfreertos.a(tasks.o)
                                         0x44 (size before relaxing)
 .literal.prvIdleTask
                0x0000000040080cc0        0x4 /home/matt/Desktop/source/esp-cnc/build/freertos/libfreertos.a(tasks.o)
                                         0x38 (size before relaxing)
 .literal.uxTaskGetSystemState
                0x0000000040080cc4        0x0 /home/matt/Desktop/source/esp-cnc/build/freertos/libfreertos.a(tasks.o)
                                         0x3c (size before relaxing)
 .literal.xTaskIncrementTick
                0x0000000040080cc4       0x10 /home/matt/Desktop/source/esp-cnc/build/freertos/libfreertos.a(tasks.o)
                                         0x6c (size before relaxing)
 .literal.xTaskResumeAll
                0x0000000040080cd4        0x8 /home/matt/Desktop/source/esp-cnc/build/freertos/libfreertos.a(tasks.o)
                                         0x5c (size before relaxing)
 .literal.vTaskSwitchContext
                0x0000000040080cdc       0x14 /home/matt/Desktop/source/esp-cnc/build/freertos/libfreertos.a(tasks.o)
                                         0x50 (size before relaxing)
 .literal.vTaskPlaceOnEventList
                0x0000000040080cf0        0x8 /home/matt/Desktop/source/esp-cnc/build/freertos/libfreertos.a(tasks.o)
                                         0x40 (size before relaxing)
 .literal.vTaskPlaceOnEventListRestricted
                0x0000000040080cf8        0x8 /home/matt/Desktop/source/esp-cnc/build/freertos/libfreertos.a(tasks.o)
                                         0x38 (size before relaxing)
 .literal.xTaskRemoveFromEventList
                0x0000000040080d00        0x8 /home/matt/Desktop/source/esp-cnc/build/freertos/libfreertos.a(tasks.o)
                                         0x58 (size before relaxing)
 .literal.xTaskCheckForTimeOut
                0x0000000040080d08        0xc /home/matt/Desktop/source/esp-cnc/build/freertos/libfreertos.a(tasks.o)
                                         0x34 (size before relaxing)
 .literal.vTaskPriorityInherit
                0x0000000040080d14        0x0 /home/matt/Desktop/source/esp-cnc/build/freertos/libfreertos.a(tasks.o)
                                         0x28 (size before relaxing)
 .literal.xTaskPriorityDisinherit
                0x0000000040080d14        0x8 /home/matt/Desktop/source/esp-cnc/build/freertos/libfreertos.a(tasks.o)
                                         0x3c (size before relaxing)
 .literal.vTaskGetRunTimeStats
                0x0000000040080d1c        0xc /home/matt/Desktop/source/esp-cnc/build/freertos/libfreertos.a(tasks.o)
                                         0x2c (size before relaxing)
 .literal.pvTaskIncrementMutexHeldCount
                0x0000000040080d28        0x0 /home/matt/Desktop/source/esp-cnc/build/freertos/libfreertos.a(tasks.o)
                                         0x10 (size before relaxing)
 .literal.xTaskNotifyWait
                0x0000000040080d28        0x0 /home/matt/Desktop/source/esp-cnc/build/freertos/libfreertos.a(tasks.o)
                                         0x30 (size before relaxing)
 .literal.xTaskNotify
                0x0000000040080d28        0xc /home/matt/Desktop/source/esp-cnc/build/freertos/libfreertos.a(tasks.o)
                                         0x48 (size before relaxing)
 .literal.prvInsertTimerInActiveList
                0x0000000040080d34        0x8 /home/matt/Desktop/source/esp-cnc/build/freertos/libfreertos.a(timers.o)
                                          0xc (size before relaxing)
 .literal.prvCheckForValidListAndQueue
                0x0000000040080d3c       0x1c /home/matt/Desktop/source/esp-cnc/build/freertos/libfreertos.a(timers.o)
                                         0x44 (size before relaxing)
 .literal.xTimerCreateTimerTask
                0x0000000040080d58        0xc /home/matt/Desktop/source/esp-cnc/build/freertos/libfreertos.a(timers.o)
                                         0x2c (size before relaxing)
 .literal.xTimerGenericCommand
                0x0000000040080d64        0x0 /home/matt/Desktop/source/esp-cnc/build/freertos/libfreertos.a(timers.o)
                                         0x10 (size before relaxing)
 .literal.prvSwitchTimerLists
                0x0000000040080d64        0x4 /home/matt/Desktop/source/esp-cnc/build/freertos/libfreertos.a(timers.o)
                                         0x28 (size before relaxing)
 .literal.prvTimerTask
                0x0000000040080d68        0xc /home/matt/Desktop/source/esp-cnc/build/freertos/libfreertos.a(timers.o)
                                         0x70 (size before relaxing)
 .literal       0x0000000040080d74        0x0 /home/matt/Desktop/source/esp-cnc/build/freertos/libfreertos.a(xtensa_context.o)
                                         0x10 (size before relaxing)
 .literal       0x0000000040080d74        0xc /home/matt/Desktop/source/esp-cnc/build/freertos/libfreertos.a(portasm.o)
                                         0x54 (size before relaxing)
 .literal._xt_tick_divisor_init
                0x0000000040080d80        0x4 /home/matt/Desktop/source/esp-cnc/build/freertos/libfreertos.a(xtensa_init.o)
                                          0xc (size before relaxing)
 .literal.get_next_block
                0x0000000040080d84        0xc /home/matt/Desktop/source/esp-cnc/build/heap/libheap.a(multi_heap.o)
                                         0x10 (size before relaxing)
 .literal.multi_heap_assert$constprop$5
                0x0000000040080d90        0x4 /home/matt/Desktop/source/esp-cnc/build/heap/libheap.a(multi_heap.o)
                                          0xc (size before relaxing)
 .literal.get_prev_free_block
                0x0000000040080d94        0x8 /home/matt/Desktop/source/esp-cnc/build/heap/libheap.a(multi_heap.o)
                                         0x1c (size before relaxing)
 .literal.split_if_necessary
                0x0000000040080d9c        0x8 /home/matt/Desktop/source/esp-cnc/build/heap/libheap.a(multi_heap.o)
                                         0x3c (size before relaxing)
 .literal.merge_adjacent
                0x0000000040080da4        0x8 /home/matt/Desktop/source/esp-cnc/build/heap/libheap.a(multi_heap.o)
                                         0x30 (size before relaxing)
 .literal.assert_valid_block
                0x0000000040080dac        0x0 /home/matt/Desktop/source/esp-cnc/build/heap/libheap.a(multi_heap.o)
                                         0x10 (size before relaxing)
 .literal.multi_heap_get_allocated_size_impl
                0x0000000040080dac        0x0 /home/matt/Desktop/source/esp-cnc/build/heap/libheap.a(multi_heap.o)
                                          0xc (size before relaxing)
 .literal.multi_heap_internal_lock
                0x0000000040080dac        0x0 /home/matt/Desktop/source/esp-cnc/build/heap/libheap.a(multi_heap.o)
                                          0x4 (size before relaxing)
 .literal.multi_heap_internal_unlock
                0x0000000040080dac        0x0 /home/matt/Desktop/source/esp-cnc/build/heap/libheap.a(multi_heap.o)
                                          0x4 (size before relaxing)
 .literal.multi_heap_malloc_impl
                0x0000000040080dac        0x0 /home/matt/Desktop/source/esp-cnc/build/heap/libheap.a(multi_heap.o)
                                         0x24 (size before relaxing)
 .literal.multi_heap_free_impl
                0x0000000040080dac        0x0 /home/matt/Desktop/source/esp-cnc/build/heap/libheap.a(multi_heap.o)
                                         0x34 (size before relaxing)
 .literal.multi_heap_realloc_impl
                0x0000000040080dac        0x8 /home/matt/Desktop/source/esp-cnc/build/heap/libheap.a(multi_heap.o)
                                         0x74 (size before relaxing)
 .iram1         0x0000000040080db4      0x192 /home/matt/Desktop/source/esp-cnc/build/esp32/libesp32.a(system_api.o)
                                        0x1cd (size before relaxing)
                0x0000000040080dcc                esp_restart_noos
                0x0000000040080f28                esp_restart
                0x0000000040080f28                system_restart
 *fill*         0x0000000040080f46        0x2 
 .iram1         0x0000000040080f48      0x306 /home/matt/Desktop/source/esp-cnc/build/esp32/libesp32.a(cpu_start.o)
                                        0x3c2 (size before relaxing)
                0x0000000040080f48                start_cpu0
                0x0000000040080f48                start_cpu0_default
                0x0000000040081044                start_cpu1_default
                0x0000000040081044                start_cpu1
                0x00000000400810e8                call_start_cpu0
 *fill*         0x000000004008124e        0x2 
 .iram1         0x0000000040081250       0x37 /home/matt/Desktop/source/esp-cnc/build/esp32/libesp32.a(clk.o)
                0x0000000040081250                esp_clk_cpu_freq
                0x0000000040081260                esp_clk_apb_freq
                0x0000000040081278                ets_update_cpu_frequency
 *fill*         0x0000000040081287        0x1 
 .iram1         0x0000000040081288       0xac /home/matt/Desktop/source/esp-cnc/build/esp32/libesp32.a(crosscore_int.o)
                                         0xbc (size before relaxing)
                0x000000004008131c                esp_crosscore_int_send_yield
                0x0000000040081328                esp_crosscore_int_send_freq_switch
 .iram1         0x0000000040081334       0x27 /home/matt/Desktop/source/esp-cnc/build/esp32/libesp32.a(cache_err_int.o)
                                         0x2f (size before relaxing)
                0x0000000040081334                esp_cache_err_get_cpuid
 *fill*         0x000000004008135b        0x1 
 .iram1         0x000000004008135c       0x7b /home/matt/Desktop/source/esp-cnc/build/esp32/libesp32.a(ipc.o)
                                         0x87 (size before relaxing)
 *fill*         0x00000000400813d7        0x1 
 .iram1         0x00000000400813d8      0x27e /home/matt/Desktop/source/esp-cnc/build/esp32/libesp32.a(intr_alloc.o)
                                        0x29a (size before relaxing)
                0x0000000040081414                esp_intr_set_in_iram
                0x0000000040081488                esp_intr_enable
                0x00000000400814fc                esp_intr_disable
                0x00000000400815b8                esp_intr_noniram_disable
                0x0000000040081604                esp_intr_noniram_enable
                0x0000000040081640                ets_isr_unmask
                0x000000004008164c                ets_isr_mask
 *fill*         0x0000000040081656        0x2 
 .iram1         0x0000000040081658      0x19b /home/matt/Desktop/source/esp-cnc/build/esp32/libesp32.a(esp_timer.o)
                                        0x1af (size before relaxing)
                0x00000000400816f8                esp_timer_start_once
                0x0000000040081738                esp_timer_start_periodic
                0x0000000040081788                esp_timer_stop
                0x00000000400817c4                esp_timer_get_next_alarm
                0x00000000400817e4                esp_timer_get_time
 *fill*         0x00000000400817f3        0x1 
 .iram1         0x00000000400817f4      0x1be /home/matt/Desktop/source/esp-cnc/build/esp32/libesp32.a(dport_access.o)
                                        0x1ce (size before relaxing)
                0x00000000400817f4                esp_dport_access_stall_other_cpu_start
                0x000000004008188c                esp_dport_access_stall_other_cpu_end
                0x00000000400818fc                esp_dport_access_stall_other_cpu_start_wrap
                0x0000000040081904                esp_dport_access_stall_other_cpu_end_wrap
                0x000000004008190c                esp_dport_access_int_pause
                0x0000000040081930                esp_dport_access_int_abort
                0x0000000040081944                esp_dport_access_int_resume
                0x0000000040081968                esp_dport_access_reg_read
                0x0000000040081980                esp_dport_access_sequence_reg_read
                0x000000004008198c                esp_dport_access_read_buffer
 *fill*         0x00000000400819b2        0x2 
 .iram1         0x00000000400819b4       0x4b /home/matt/Desktop/source/esp-cnc/build/esp32/libesp32.a(int_wdt.o)
 *fill*         0x00000000400819ff        0x1 
 .iram1         0x0000000040081a00       0xda /home/matt/Desktop/source/esp-cnc/build/esp32/libesp32.a(dport_panic_highint_hdl.o)
                0x0000000040081a00                xt_highint4
                0x0000000040081ada                ld_include_panic_highint_hdl
 *fill*         0x0000000040081ada        0x2 
 .iram1         0x0000000040081adc      0x2c7 /home/matt/Desktop/source/esp-cnc/build/esp32/libesp32.a(esp_timer_esp32.o)
                                        0x2d7 (size before relaxing)
                0x0000000040081bec                esp_timer_impl_get_time
                0x0000000040081c38                esp_timer_impl_set_alarm
                0x0000000040081d00                esp_timer_impl_update_apb_freq
                0x0000000040081d98                esp_timer_impl_get_min_period_us
 *fill*         0x0000000040081da3        0x1 
 .iram1         0x0000000040081da4       0x23 /home/matt/Desktop/source/esp-cnc/build/esp32/libesp32.a(freertos_hooks.o)
                0x0000000040081da4                esp_vApplicationTickHook
 *fill*         0x0000000040081dc7        0x1 
 .iram1         0x0000000040081dc8       0x1a /home/matt/Desktop/source/esp-cnc/build/freertos/libfreertos.a(port.o)
                0x0000000040081dc8                xPortInterruptedFromISRContext
 *fill*         0x0000000040081de2        0x2 
 .iram1         0x0000000040081de4      0x4f8 /home/matt/Desktop/source/esp-cnc/build/freertos/libfreertos.a(xtensa_vectors.o)
                0x0000000040081de4                _xt_panic
                0x0000000040081f04                _xt_user_exit
                0x0000000040082218                _xt_medint2_exit
                0x00000000400822c8                _xt_medint3_exit
 .iram1         0x00000000400822dc      0x398 /home/matt/Desktop/source/esp-cnc/build/heap/libheap.a(heap_caps.o)
                                        0x3a4 (size before relaxing)
                0x000000004008231c                heap_caps_malloc
                0x0000000040082410                heap_caps_malloc_default
                0x000000004008243c                heap_caps_malloc_prefer
                0x0000000040082490                heap_caps_free
                0x00000000400824c8                heap_caps_realloc
                0x0000000040082560                heap_caps_realloc_default
                0x0000000040082594                heap_caps_realloc_prefer
                0x00000000400825f8                heap_caps_calloc
                0x0000000040082620                heap_caps_calloc_prefer
 .iram1         0x0000000040082674      0x172 /home/matt/Desktop/source/esp-cnc/build/log/liblog.a(log.o)
                                        0x182 (size before relaxing)
                0x0000000040082674                esp_log_write
                0x0000000040082798                esp_log_early_timestamp
                0x00000000400827b4                esp_log_timestamp
 *fill*         0x00000000400827e6        0x2 
 .iram1         0x00000000400827e8       0x76 /home/matt/Desktop/source/esp-cnc/build/newlib/libnewlib.a(time.o)
                                         0x82 (size before relaxing)
                0x00000000400827e8                _gettimeofday_r
                0x000000004008283c                _times_r
 *fill*         0x000000004008285e        0x2 
 .iram1         0x0000000040082860       0x59 /home/matt/Desktop/source/esp-cnc/build/newlib/libnewlib.a(syscalls.o)
                                         0x61 (size before relaxing)
                0x0000000040082860                _malloc_r
                0x000000004008286c                _free_r
                0x0000000040082878                _realloc_r
                0x000000004008288c                _calloc_r
 *fill*         0x00000000400828b9        0x3 
 .iram1         0x00000000400828bc       0x3c /home/matt/Desktop/source/esp-cnc/build/newlib/libnewlib.a(reent_init.o)
                0x00000000400828bc                esp_reent_init
 .iram1         0x00000000400828f8      0x1c8 /home/matt/Desktop/source/esp-cnc/build/newlib/libnewlib.a(locks.o)
                                        0x1f4 (size before relaxing)
                0x0000000040082a08                _lock_init
                0x0000000040082a18                _lock_init_recursive
                0x0000000040082a28                _lock_close_recursive
                0x0000000040082a28                _lock_close
                0x0000000040082a68                _lock_acquire
                0x0000000040082a78                _lock_acquire_recursive
                0x0000000040082a88                _lock_try_acquire
                0x0000000040082a98                _lock_try_acquire_recursive
                0x0000000040082aa8                _lock_release
                0x0000000040082ab4                _lock_release_recursive
 .iram1         0x0000000040082ac0       0xf6 /home/matt/Desktop/source/esp-cnc/build/soc/libsoc.a(cpu_util.o)
                0x0000000040082ac0                esp_cpu_stall
                0x0000000040082b44                esp_cpu_unstall
                0x0000000040082b88                esp_cpu_reset
                0x0000000040082ba8                esp_cpu_in_ocd_debug_mode
 *fill*         0x0000000040082bb6        0x2 
 .iram1         0x0000000040082bb8      0x29c /home/matt/Desktop/source/esp-cnc/build/spi_flash/libspi_flash.a(cache_utils.o)
                                        0x2c7 (size before relaxing)
                0x0000000040082c5c                spi_flash_op_block_func
                0x0000000040082ca0                spi_flash_disable_interrupts_caches_and_other_cpu
                0x0000000040082d60                spi_flash_enable_interrupts_caches_and_other_cpu
                0x0000000040082df4                spi_flash_disable_interrupts_caches_and_other_cpu_no_os
                0x0000000040082e1c                spi_flash_enable_interrupts_caches_no_os
                0x0000000040082e38                spi_flash_cache_enabled
 *fill*         0x0000000040082e54        0x0 
 .iram1         0x0000000040082e54      0x5b2 /home/matt/Desktop/source/esp-cnc/build/spi_flash/libspi_flash.a(flash_ops.o)
                                        0x5ee (size before relaxing)
                0x0000000040082ee0                spi_flash_guard_set
                0x0000000040082eec                spi_flash_guard_get
                0x0000000040082ef8                spi_flash_get_chip_size
                0x0000000040082f04                spi_flash_erase_range
                0x0000000040082f7c                spi_flash_erase_sector
                0x0000000040082f9c                spi_flash_write
                0x0000000040083114                spi_flash_read
                0x00000000400832f0                spi_flash_read_encrypted
                0x0000000040083338                spi_flash_write_encrypted
 *fill*         0x0000000040083406        0x2 
 .iram1         0x0000000040083408      0x567 /home/matt/Desktop/source/esp-cnc/build/spi_flash/libspi_flash.a(flash_mmap.o)
                                        0x597 (size before relaxing)
                0x0000000040083538                spi_flash_mmap_pages
                0x0000000040083784                spi_flash_mmap
                0x00000000400837ec                spi_flash_munmap
                0x0000000040083888                spi_flash_mmap_get_free_pages
                0x00000000400838ec                spi_flash_mark_modified_region
                0x00000000400838fc                spi_flash_phys2cache
 *fill*         0x000000004008396f        0x1 
 .iram1         0x0000000040083970      0x121 /home/matt/Desktop/source/esp-cnc/build/driver/libdriver.a(i2s.o)
                                        0x14c (size before relaxing)
 *fill*         0x0000000040083a91        0x0 
 *fill*         0x0000000040083a91        0x0 
 *fill*         0x0000000040083a91        0x0 
 *fill*         0x0000000040083a91        0x0 
 *fill*         0x0000000040083a91        0x0 
 *fill*         0x0000000040083a91        0x0 
 *fill*         0x0000000040083a91        0x0 
 *fill*         0x0000000040083a91        0x0 
 *fill*         0x0000000040083a91        0x0 
 .iram1         0x0000000040083a91       0x20 /home/matt/Desktop/source/esp-cnc/build/esp32/libesp32.a(dbg_stubs.o)
 *fill*         0x0000000040083ab1        0x0 
 *fill*         0x0000000040083ab1        0x0 
 *fill*         0x0000000040083ab1        0x0 
 *fill*         0x0000000040083ab1        0x3 
 .iram1         0x0000000040083ab4       0x2e /home/matt/Desktop/source/esp-cnc/build/freertos/libfreertos.a(xtensa_vector_defaults.o)
                0x0000000040083ab4                xt_debugexception
                0x0000000040083ad4                xt_highint5
                0x0000000040083adc                _xt_nmi
                0x0000000040083adc                xt_nmi
 *fill*         0x0000000040083ae2        0x0 
 *fill*         0x0000000040083ae2        0x0 
 *fill*         0x0000000040083ae2        0x0 
 *fill*         0x0000000040083ae2        0x0 
 *fill*         0x0000000040083ae2        0x0 
 *fill*         0x0000000040083ae2        0x0 
 *fill*         0x0000000040083ae2        0x0 
 *fill*         0x0000000040083ae2        0x0 
 *libspi_flash.a:spi_flash_rom_patch.*(.literal .literal.* .text .text.*)
 *fill*         0x0000000040083ae2        0x2 
 .text.esp_rom_spiflash_read_status
                0x0000000040083ae4       0x5b /home/matt/Desktop/source/esp-cnc/build/spi_flash/libspi_flash.a(spi_flash_rom_patch.o)
                0x0000000040083ae4                esp_rom_spiflash_read_status
 *fill*         0x0000000040083b3f        0x1 
 .text.esp_rom_spiflash_wait_idle
                0x0000000040083b40       0x30 /home/matt/Desktop/source/esp-cnc/build/spi_flash/libspi_flash.a(spi_flash_rom_patch.o)
                0x0000000040083b40                esp_rom_spiflash_wait_idle
 .text.esp_rom_spiflash_enable_write$constprop$6
                0x0000000040083b70       0x3d /home/matt/Desktop/source/esp-cnc/build/spi_flash/libspi_flash.a(spi_flash_rom_patch.o)
                                         0x41 (size before relaxing)
 *fill*         0x0000000040083bad        0x3 
 .text.esp_rom_spiflash_program_page_internal$constprop$4
                0x0000000040083bb0       0xce /home/matt/Desktop/source/esp-cnc/build/spi_flash/libspi_flash.a(spi_flash_rom_patch.o)
 *fill*         0x0000000040083c7e        0x2 
 .text.esp_rom_spiflash_read_statushigh
                0x0000000040083c80       0x21 /home/matt/Desktop/source/esp-cnc/build/spi_flash/libspi_flash.a(spi_flash_rom_patch.o)
                0x0000000040083c80                esp_rom_spiflash_read_statushigh
 *fill*         0x0000000040083ca1        0x3 
 .text.esp_rom_spiflash_write_status
                0x0000000040083ca4       0x2f /home/matt/Desktop/source/esp-cnc/build/spi_flash/libspi_flash.a(spi_flash_rom_patch.o)
                                         0x33 (size before relaxing)
                0x0000000040083ca4                esp_rom_spiflash_write_status
 *fill*         0x0000000040083cd3        0x1 
 .text.esp_rom_spiflash_unlock
                0x0000000040083cd4       0x66 /home/matt/Desktop/source/esp-cnc/build/spi_flash/libspi_flash.a(spi_flash_rom_patch.o)
                                         0x72 (size before relaxing)
                0x0000000040083cd4                esp_rom_spiflash_unlock
 *fill*         0x0000000040083d3a        0x2 
 .text.esp_rom_spiflash_erase_block
                0x0000000040083d3c       0x80 /home/matt/Desktop/source/esp-cnc/build/spi_flash/libspi_flash.a(spi_flash_rom_patch.o)
                                         0x88 (size before relaxing)
                0x0000000040083d3c                esp_rom_spiflash_erase_block
 .text.esp_rom_spiflash_erase_sector
                0x0000000040083dbc       0x89 /home/matt/Desktop/source/esp-cnc/build/spi_flash/libspi_flash.a(spi_flash_rom_patch.o)
                                         0x8d (size before relaxing)
                0x0000000040083dbc                esp_rom_spiflash_erase_sector
 *fill*         0x0000000040083e45        0x3 
 .text.esp_rom_spiflash_write
                0x0000000040083e48       0x9e /home/matt/Desktop/source/esp-cnc/build/spi_flash/libspi_flash.a(spi_flash_rom_patch.o)
                                         0xa2 (size before relaxing)
                0x0000000040083e48                esp_rom_spiflash_write
 *fill*         0x0000000040083ee6        0x2 
 .text.esp_rom_spiflash_write_encrypted
                0x0000000040083ee8       0x4d /home/matt/Desktop/source/esp-cnc/build/spi_flash/libspi_flash.a(spi_flash_rom_patch.o)
                                         0x51 (size before relaxing)
                0x0000000040083ee8                esp_rom_spiflash_write_encrypted
 *fill*         0x0000000040083f35        0x3 
 .text.esp_rom_spiflash_read
                0x0000000040083f38      0x2e5 /home/matt/Desktop/source/esp-cnc/build/spi_flash/libspi_flash.a(spi_flash_rom_patch.o)
                                        0x2e9 (size before relaxing)
                0x0000000040083f38                esp_rom_spiflash_read
 *fill*         0x000000004008421d        0x0 
 *fill*         0x000000004008421d        0x0 
 *fill*         0x000000004008421d        0x0 
 *fill*         0x000000004008421d        0x0 
 *fill*         0x000000004008421d        0x0 
 *fill*         0x000000004008421d        0x0 
 *fill*         0x000000004008421d        0x0 
 *fill*         0x000000004008421d        0x0 
 *fill*         0x000000004008421d        0x0 
 *libesp_ringbuf.a:(.literal .literal.* .text .text.*)
 *libhal.a:(.literal .literal.* .text .text.*)
 *fill*         0x000000004008421d        0x3 
 .text          0x0000000040084220      0x137 /home/matt/esp/esp-idf/components/esp32/libhal.a(windowspill_asm.o)
                0x0000000040084220                xthal_window_spill_nw
                0x0000000040084220                xthal_spill_registers_into_stack_nw
                0x0000000040084334                xthal_window_spill
 *fill*         0x0000000040084357        0x1 
 .text          0x0000000040084358        0x8 /home/matt/esp/esp-idf/components/esp32/libhal.a(int_asm--set_intclear.o)
                0x0000000040084358                xthal_set_intclear
 .text          0x0000000040084360       0x48 /home/matt/esp/esp-idf/components/esp32/libhal.a(clock.o)
                0x0000000040084360                xthal_get_ccount
                0x0000000040084368                xthal_set_ccompare
                0x0000000040084388                xthal_get_ccompare
 *fill*         0x00000000400843a8        0x0 
 .text          0x00000000400843a8       0x3e /home/matt/esp/esp-idf/components/esp32/libhal.a(state_asm--restore_extra_nw.o)
                0x00000000400843a8                xthal_restore_extra_nw
 *fill*         0x00000000400843e6        0x2 
 .text          0x00000000400843e8       0x3e /home/matt/esp/esp-idf/components/esp32/libhal.a(state_asm--save_extra_nw.o)
                0x00000000400843e8                xthal_save_extra_nw
 *libapp_trace.a:(.literal .literal.* .text .text.*)
 *libesp32.a:panic.*(.literal .literal.* .text .text.*)
 *fill*         0x0000000040084426        0x2 
 .text.panicPutChar
                0x0000000040084428       0x1e /home/matt/Desktop/source/esp-cnc/build/esp32/libesp32.a(panic.o)
 *fill*         0x0000000040084446        0x2 
 .text.panicPutStr
                0x0000000040084448       0x1a /home/matt/Desktop/source/esp-cnc/build/esp32/libesp32.a(panic.o)
 *fill*         0x0000000040084462        0x2 
 .text.panicPutHex
                0x0000000040084464       0x25 /home/matt/Desktop/source/esp-cnc/build/esp32/libesp32.a(panic.o)
                                         0x28 (size before relaxing)
 *fill*         0x0000000040084489        0x3 
 .text.panicPutDec
                0x000000004008448c       0x38 /home/matt/Desktop/source/esp-cnc/build/esp32/libesp32.a(panic.o)
                                         0x3e (size before relaxing)
 *fill*         0x00000000400844c4        0x0 
 .text.unlikely.putEntry
                0x00000000400844c4       0x2b /home/matt/Desktop/source/esp-cnc/build/esp32/libesp32.a(panic.o)
                                         0x37 (size before relaxing)
 *fill*         0x00000000400844ef        0x1 
 .text.invoke_abort
                0x00000000400844f0       0x20 /home/matt/Desktop/source/esp-cnc/build/esp32/libesp32.a(panic.o)
 .text.unlikely.commonErrorHandler_dump
                0x0000000040084510      0x129 /home/matt/Desktop/source/esp-cnc/build/esp32/libesp32.a(panic.o)
                                        0x171 (size before relaxing)
 *fill*         0x0000000040084639        0x3 
 .text.abort    0x000000004008463c       0x2a /home/matt/Desktop/source/esp-cnc/build/esp32/libesp32.a(panic.o)
                                         0x2d (size before relaxing)
                0x000000004008463c                abort
 *fill*         0x0000000040084666        0x2 
 .text.vApplicationStackOverflowHook
                0x0000000040084668       0x17 /home/matt/Desktop/source/esp-cnc/build/esp32/libesp32.a(panic.o)
                                         0x23 (size before relaxing)
                0x0000000040084668                vApplicationStackOverflowHook
 *fill*         0x000000004008467f        0x1 
 .text.esp_panic_wdt_stop
                0x0000000040084680       0x44 /home/matt/Desktop/source/esp-cnc/build/esp32/libesp32.a(panic.o)
                0x0000000040084680                esp_panic_wdt_stop
 .text.commonErrorHandler
                0x00000000400846c4      0x187 /home/matt/Desktop/source/esp-cnc/build/esp32/libesp32.a(panic.o)
                                        0x19f (size before relaxing)
 *fill*         0x000000004008484b        0x1 
 .text.panicHandler
                0x000000004008484c      0x151 /home/matt/Desktop/source/esp-cnc/build/esp32/libesp32.a(panic.o)
                                        0x184 (size before relaxing)
                0x000000004008484c                panicHandler
 *fill*         0x000000004008499d        0x3 
 .text.xt_unhandled_exception
                0x00000000400849a0       0xd9 /home/matt/Desktop/source/esp-cnc/build/esp32/libesp32.a(panic.o)
                                        0x11d (size before relaxing)
                0x00000000400849a0                xt_unhandled_exception
 *fill*         0x0000000040084a79        0x3 
 .text._esp_error_check_failed
                0x0000000040084a7c       0x57 /home/matt/Desktop/source/esp-cnc/build/esp32/libesp32.a(panic.o)
                                         0x5e (size before relaxing)
                0x0000000040084a7c                _esp_error_check_failed
 *fill*         0x0000000040084ad3        0x0 
 *fill*         0x0000000040084ad3        0x0 
 *fill*         0x0000000040084ad3        0x0 
 *fill*         0x0000000040084ad3        0x1 
 .text.setFirstBreakpoint
                0x0000000040084ad4       0x13 /home/matt/Desktop/source/esp-cnc/build/esp32/libesp32.a(panic.o)
 *fill*         0x0000000040084ae7        0x0 
 *fill*         0x0000000040084ae7        0x0 
 *fill*         0x0000000040084ae7        0x0 
 *fill*         0x0000000040084ae7        0x0 
 *fill*         0x0000000040084ae7        0x0 
 *fill*         0x0000000040084ae7        0x0 
 *fill*         0x0000000040084ae7        0x0 
 *libespcoredump.a:core_dump_uart.*(.literal .literal.* .text .text.*)
 *libespcoredump.a:core_dump_common.*(.literal .literal.* .text .text.*)
 *libespcoredump.a:core_dump_flash.*(.literal .literal.* .text .text.*)
 *libespcoredump.a:core_dump_port.*(.literal .literal.* .text .text.*)
 *librtc.a:(.literal .literal.* .text .text.*)
 *libgcc.a:lib2funcs.*(.literal .literal.* .text .text.*)
 *libsoc.a:rtc_clk.*(.literal .literal.* .text .text.*)
 *fill*         0x0000000040084ae7        0x1 
 .text.rtc_clk_32k_enable_internal$constprop$4
                0x0000000040084ae8       0x6f /home/matt/Desktop/source/esp-cnc/build/soc/libsoc.a(rtc_clk.o)
 *fill*         0x0000000040084b57        0x1 
 .text.rtc_clk_32k_enable
                0x0000000040084b58       0x29 /home/matt/Desktop/source/esp-cnc/build/soc/libsoc.a(rtc_clk.o)
                0x0000000040084b58                rtc_clk_32k_enable
 *fill*         0x0000000040084b81        0x3 
 .text.rtc_clk_32k_bootstrap
                0x0000000040084b84       0x96 /home/matt/Desktop/source/esp-cnc/build/soc/libsoc.a(rtc_clk.o)
                                         0x9a (size before relaxing)
                0x0000000040084b84                rtc_clk_32k_bootstrap
 *fill*         0x0000000040084c1a        0x2 
 .text.rtc_clk_apll_enable
                0x0000000040084c1c      0x14a /home/matt/Desktop/source/esp-cnc/build/soc/libsoc.a(rtc_clk.o)
                0x0000000040084c1c                rtc_clk_apll_enable
 *fill*         0x0000000040084d66        0x2 
 .text.rtc_clk_slow_freq_set
                0x0000000040084d68       0x44 /home/matt/Desktop/source/esp-cnc/build/soc/libsoc.a(rtc_clk.o)
                0x0000000040084d68                rtc_clk_slow_freq_set
 .text.rtc_clk_slow_freq_get_hz
                0x0000000040084dac       0x1e /home/matt/Desktop/source/esp-cnc/build/soc/libsoc.a(rtc_clk.o)
                0x0000000040084dac                rtc_clk_slow_freq_get_hz
 *fill*         0x0000000040084dca        0x2 
 .text.rtc_clk_fast_freq_set
                0x0000000040084dcc       0x2a /home/matt/Desktop/source/esp-cnc/build/soc/libsoc.a(rtc_clk.o)
                0x0000000040084dcc                rtc_clk_fast_freq_set
 *fill*         0x0000000040084df6        0x2 
 .text.rtc_clk_bbpll_set
                0x0000000040084df8      0x1ab /home/matt/Desktop/source/esp-cnc/build/soc/libsoc.a(rtc_clk.o)
                0x0000000040084df8                rtc_clk_bbpll_set
 *fill*         0x0000000040084fa3        0x1 
 .text.rtc_clk_xtal_freq_get
                0x0000000040084fa4       0x32 /home/matt/Desktop/source/esp-cnc/build/soc/libsoc.a(rtc_clk.o)
                                         0x3a (size before relaxing)
                0x0000000040084fa4                rtc_get_xtal
                0x0000000040084fa4                rtc_clk_xtal_freq_get
 *fill*         0x0000000040084fd6        0x2 
 .text.rtc_clk_cpu_freq_get
                0x0000000040084fd8       0x78 /home/matt/Desktop/source/esp-cnc/build/soc/libsoc.a(rtc_clk.o)
                                         0x7c (size before relaxing)
                0x0000000040084fd8                rtc_clk_cpu_freq_get
 .text.rtc_clk_cpu_freq_value
                0x0000000040085050       0x45 /home/matt/Desktop/source/esp-cnc/build/soc/libsoc.a(rtc_clk.o)
                0x0000000040085050                rtc_clk_cpu_freq_value
 *fill*         0x0000000040085095        0x3 
 .text.rtc_clk_apb_freq_update
                0x0000000040085098       0x19 /home/matt/Desktop/source/esp-cnc/build/soc/libsoc.a(rtc_clk.o)
                0x0000000040085098                rtc_clk_apb_freq_update
 *fill*         0x00000000400850b1        0x3 
 .text.rtc_clk_cpu_freq_set
                0x00000000400850b4      0x18f /home/matt/Desktop/source/esp-cnc/build/soc/libsoc.a(rtc_clk.o)
                                        0x1af (size before relaxing)
                0x00000000400850b4                rtc_clk_cpu_freq_set
 *fill*         0x0000000040085243        0x1 
 .text.rtc_clk_apb_freq_get
                0x0000000040085244       0x27 /home/matt/Desktop/source/esp-cnc/build/soc/libsoc.a(rtc_clk.o)
                0x0000000040085244                rtc_clk_apb_freq_get
 *fill*         0x000000004008526b        0x1 
 .text.clk_val_is_valid
                0x000000004008526c       0x21 /home/matt/Desktop/source/esp-cnc/build/soc/libsoc.a(rtc_clk.o)
 *fill*         0x000000004008528d        0x0 
 *fill*         0x000000004008528d        0x0 
 *fill*         0x000000004008528d        0x0 
 *fill*         0x000000004008528d        0x0 
 *fill*         0x000000004008528d        0x0 
 *fill*         0x000000004008528d        0x0 
 *fill*         0x000000004008528d        0x0 
 *fill*         0x000000004008528d        0x0 
 *fill*         0x000000004008528d        0x0 
 *fill*         0x000000004008528d        0x0 
 *fill*         0x000000004008528d        0x0 
 *fill*         0x000000004008528d        0x0 
 *libsoc.a:rtc_wdt.*(.literal .literal.* .text .text.*)
 *libsoc.a:rtc_pm.*(.literal .literal.* .text .text.*)
 *libsoc.a:cpu_util.*(.literal .literal.* .text .text.*)
 *libsoc.a:rtc_periph.*(.literal .literal.* .text .text.*)
 *libsoc.a:rtc_init.*(.literal .literal.* .text .text.*)
 *fill*         0x000000004008528d        0x3 
 .text.rtc_init
                0x0000000040085290      0x338 /home/matt/Desktop/source/esp-cnc/build/soc/libsoc.a(rtc_init.o)
                                        0x35c (size before relaxing)
                0x0000000040085290                rtc_init
 *fill*         0x00000000400855c8        0x0 
 *libsoc.a:rtc_sleep.*(.literal .literal.* .text .text.*)
 *libsoc.a:rtc_clk_init.*(.literal .literal.* .text .text.*)
 *libsoc.a:rtc_time.*(.literal .literal.* .text .text.*)
 .text.rtc_clk_cal_internal
                0x00000000400855c8      0x14a /home/matt/Desktop/source/esp-cnc/build/soc/libsoc.a(rtc_time.o)
 *fill*         0x0000000040085712        0x2 
 .text.rtc_clk_cal
                0x0000000040085714       0x4c /home/matt/Desktop/source/esp-cnc/build/soc/libsoc.a(rtc_time.o)
                                         0x54 (size before relaxing)
                0x0000000040085714                rtc_clk_cal
 .text.rtc_time_get
                0x0000000040085760       0x50 /home/matt/Desktop/source/esp-cnc/build/soc/libsoc.a(rtc_time.o)
                0x0000000040085760                rtc_time_get
 .text.rtc_clk_wait_for_slow_cycle
                0x00000000400857b0       0x68 /home/matt/Desktop/source/esp-cnc/build/soc/libsoc.a(rtc_time.o)
                0x00000000400857b0                rtc_clk_wait_for_slow_cycle
 *fill*         0x0000000040085818        0x0 
 *libnet80211.a:(.wifi0iram .wifi0iram.*)
 *libpp.a:(.wifi0iram .wifi0iram.*)
 *libgcov.a:(.literal .literal.* .text .text.*)
 *libfreertos.a:(.literal .literal.* .text .text.*)
 .text.xt_unhandled_interrupt
                0x0000000040085818       0x16 /home/matt/Desktop/source/esp-cnc/build/freertos/libfreertos.a(xtensa_intr.o)
                0x0000000040085818                xt_unhandled_interrupt
 *fill*         0x000000004008582e        0x2 
 .text.xt_set_interrupt_handler
                0x0000000040085830       0x3c /home/matt/Desktop/source/esp-cnc/build/freertos/libfreertos.a(xtensa_intr.o)
                0x0000000040085830                xt_set_interrupt_handler
 .text.prvCopyDataToQueue
                0x000000004008586c       0x88 /home/matt/Desktop/source/esp-cnc/build/freertos/libfreertos.a(queue.o)
 .text.prvCopyDataFromQueue
                0x00000000400858f4       0x23 /home/matt/Desktop/source/esp-cnc/build/freertos/libfreertos.a(queue.o)
 *fill*         0x0000000040085917        0x1 
 .text.prvNotifyQueueSetContainer
                0x0000000040085918       0x64 /home/matt/Desktop/source/esp-cnc/build/freertos/libfreertos.a(queue.o)
                                         0x73 (size before relaxing)
 *fill*         0x000000004008597c        0x0 
 .text.xQueueGenericReset
                0x000000004008597c       0x86 /home/matt/Desktop/source/esp-cnc/build/freertos/libfreertos.a(queue.o)
                                         0x96 (size before relaxing)
                0x000000004008597c                xQueueGenericReset
 *fill*         0x0000000040085a02        0x2 
 .text.xQueueGenericCreate
                0x0000000040085a04       0x54 /home/matt/Desktop/source/esp-cnc/build/freertos/libfreertos.a(queue.o)
                                         0x58 (size before relaxing)
                0x0000000040085a04                xQueueGenericCreate
 .text.xQueueGetMutexHolder
                0x0000000040085a58       0x20 /home/matt/Desktop/source/esp-cnc/build/freertos/libfreertos.a(queue.o)
                                         0x24 (size before relaxing)
                0x0000000040085a58                xQueueGetMutexHolder
 .text.xQueueCreateCountingSemaphore
                0x0000000040085a78       0x46 /home/matt/Desktop/source/esp-cnc/build/freertos/libfreertos.a(queue.o)
                0x0000000040085a78                xQueueCreateCountingSemaphore
 *fill*         0x0000000040085abe        0x2 
 .text.xQueueGenericSend
                0x0000000040085ac0      0x134 /home/matt/Desktop/source/esp-cnc/build/freertos/libfreertos.a(queue.o)
                                        0x168 (size before relaxing)
                0x0000000040085ac0                xQueueGenericSend
 .text.xQueueCreateMutex
                0x0000000040085bf4       0x2e /home/matt/Desktop/source/esp-cnc/build/freertos/libfreertos.a(queue.o)
                                         0x36 (size before relaxing)
                0x0000000040085bf4                xQueueCreateMutex
 *fill*         0x0000000040085c22        0x2 
 .text.xQueueGiveMutexRecursive
                0x0000000040085c24       0x41 /home/matt/Desktop/source/esp-cnc/build/freertos/libfreertos.a(queue.o)
                                         0x45 (size before relaxing)
                0x0000000040085c24                xQueueGiveMutexRecursive
 *fill*         0x0000000040085c65        0x3 
 .text.xQueueGenericSendFromISR
                0x0000000040085c68       0xbe /home/matt/Desktop/source/esp-cnc/build/freertos/libfreertos.a(queue.o)
                                         0xc6 (size before relaxing)
                0x0000000040085c68                xQueueGenericSendFromISR
 *fill*         0x0000000040085d26        0x2 
 .text.xQueueGiveFromISR
                0x0000000040085d28       0xb6 /home/matt/Desktop/source/esp-cnc/build/freertos/libfreertos.a(queue.o)
                                         0xbe (size before relaxing)
                0x0000000040085d28                xQueueGiveFromISR
 *fill*         0x0000000040085dde        0x2 
 .text.xQueueGenericReceive
                0x0000000040085de0      0x124 /home/matt/Desktop/source/esp-cnc/build/freertos/libfreertos.a(queue.o)
                                        0x14f (size before relaxing)
                0x0000000040085de0                xQueueGenericReceive
 *fill*         0x0000000040085f04        0x0 
 .text.xQueueTakeMutexRecursive
                0x0000000040085f04       0x4d /home/matt/Desktop/source/esp-cnc/build/freertos/libfreertos.a(queue.o)
                                         0x51 (size before relaxing)
                0x0000000040085f04                xQueueTakeMutexRecursive
 *fill*         0x0000000040085f51        0x3 
 .text.xQueueReceiveFromISR
                0x0000000040085f54       0x89 /home/matt/Desktop/source/esp-cnc/build/freertos/libfreertos.a(queue.o)
                                         0x95 (size before relaxing)
                0x0000000040085f54                xQueueReceiveFromISR
 *fill*         0x0000000040085fdd        0x3 
 .text.uxQueueSpacesAvailable
                0x0000000040085fe0       0x36 /home/matt/Desktop/source/esp-cnc/build/freertos/libfreertos.a(queue.o)
                                         0x3e (size before relaxing)
                0x0000000040085fe0                uxQueueSpacesAvailable
 *fill*         0x0000000040086016        0x2 
 .text.vQueueDelete
                0x0000000040086018       0x27 /home/matt/Desktop/source/esp-cnc/build/freertos/libfreertos.a(queue.o)
                0x0000000040086018                vQueueDelete
 *fill*         0x000000004008603f        0x1 
 .text.xQueueIsQueueFullFromISR
                0x0000000040086040       0x3c /home/matt/Desktop/source/esp-cnc/build/freertos/libfreertos.a(queue.o)
                                         0x44 (size before relaxing)
                0x0000000040086040                xQueueIsQueueFullFromISR
 .text.vQueueWaitForMessageRestricted
                0x000000004008607c       0x23 /home/matt/Desktop/source/esp-cnc/build/freertos/libfreertos.a(queue.o)
                                         0x2a (size before relaxing)
                0x000000004008607c                vQueueWaitForMessageRestricted
 *fill*         0x000000004008609f        0x1 
 .text.pxPortInitialiseStack
                0x00000000400860a0       0x7f /home/matt/Desktop/source/esp-cnc/build/freertos/libfreertos.a(port.o)
                0x00000000400860a0                pxPortInitialiseStack
 *fill*         0x000000004008611f        0x1 
 .text.xPortStartScheduler
                0x0000000040086120       0x22 /home/matt/Desktop/source/esp-cnc/build/freertos/libfreertos.a(port.o)
                                         0x2e (size before relaxing)
                0x0000000040086120                xPortStartScheduler
 *fill*         0x0000000040086142        0x2 
 .text.xPortSysTickHandler
                0x0000000040086144       0x10 /home/matt/Desktop/source/esp-cnc/build/freertos/libfreertos.a(port.o)
                                         0x16 (size before relaxing)
                0x0000000040086144                xPortSysTickHandler
 *fill*         0x0000000040086154        0x0 
 .text.vPortYieldOtherCore
                0x0000000040086154        0xa /home/matt/Desktop/source/esp-cnc/build/freertos/libfreertos.a(port.o)
                                          0xe (size before relaxing)
                0x0000000040086154                vPortYieldOtherCore
 *fill*         0x000000004008615e        0x2 
 .text.vPortReleaseTaskMPUSettings
                0x0000000040086160        0xa /home/matt/Desktop/source/esp-cnc/build/freertos/libfreertos.a(port.o)
                                          0xe (size before relaxing)
                0x0000000040086160                vPortReleaseTaskMPUSettings
 *fill*         0x000000004008616a        0x2 
 .text.xPortInIsrContext
                0x000000004008616c       0x23 /home/matt/Desktop/source/esp-cnc/build/freertos/libfreertos.a(port.o)
                0x000000004008616c                xPortInIsrContext
 *fill*         0x000000004008618f        0x1 
 .text.vPortCPUInitializeMutex
                0x0000000040086190        0xe /home/matt/Desktop/source/esp-cnc/build/freertos/libfreertos.a(port.o)
                0x0000000040086190                vPortCPUInitializeMutex
 *fill*         0x000000004008619e        0x2 
 .text.vPortCPUAcquireMutex
                0x00000000400861a0       0x7a /home/matt/Desktop/source/esp-cnc/build/freertos/libfreertos.a(port.o)
                0x00000000400861a0                vPortCPUAcquireMutex
 *fill*         0x000000004008621a        0x2 
 .text.vPortCPUReleaseMutex
                0x000000004008621c       0x47 /home/matt/Desktop/source/esp-cnc/build/freertos/libfreertos.a(port.o)
                                         0x4a (size before relaxing)
                0x000000004008621c                vPortCPUReleaseMutex
 *fill*         0x0000000040086263        0x1 
 .text.prvInitialiseNewTask
                0x0000000040086264       0xb2 /home/matt/Desktop/source/esp-cnc/build/freertos/libfreertos.a(tasks.o)
                                         0xc2 (size before relaxing)
 *fill*         0x0000000040086316        0x2 
 .text.prvWriteNameToBuffer
                0x0000000040086318       0x2f /home/matt/Desktop/source/esp-cnc/build/freertos/libfreertos.a(tasks.o)
 *fill*         0x0000000040086347        0x1 
 .text.prvResetNextTaskUnblockTime
                0x0000000040086348       0x2a /home/matt/Desktop/source/esp-cnc/build/freertos/libfreertos.a(tasks.o)
 *fill*         0x0000000040086372        0x2 
 .text.prvDeleteTLS
                0x0000000040086374       0x2b /home/matt/Desktop/source/esp-cnc/build/freertos/libfreertos.a(tasks.o)
                                         0x2e (size before relaxing)
 *fill*         0x000000004008639f        0x1 
 .text.prvTaskIsTaskSuspended
                0x00000000400863a0       0x4d /home/matt/Desktop/source/esp-cnc/build/freertos/libfreertos.a(tasks.o)
 *fill*         0x00000000400863ed        0x3 
 .text.prvDeleteTCB
                0x00000000400863f0       0x4c /home/matt/Desktop/source/esp-cnc/build/freertos/libfreertos.a(tasks.o)
                                         0x53 (size before relaxing)
 *fill*         0x000000004008643c        0x0 
 .text.prvAddCurrentTaskToDelayedList
                0x000000004008643c       0x5b /home/matt/Desktop/source/esp-cnc/build/freertos/libfreertos.a(tasks.o)
 *fill*         0x0000000040086497        0x1 
 .text.taskYIELD_OTHER_CORE
                0x0000000040086498       0x53 /home/matt/Desktop/source/esp-cnc/build/freertos/libfreertos.a(tasks.o)
                                         0x56 (size before relaxing)
                0x0000000040086498                taskYIELD_OTHER_CORE
 *fill*         0x00000000400864eb        0x1 
 .text.vTaskSuspendAll
                0x00000000400864ec       0x26 /home/matt/Desktop/source/esp-cnc/build/freertos/libfreertos.a(tasks.o)
                0x00000000400864ec                vTaskSuspendAll
 *fill*         0x0000000040086512        0x2 
 .text.xTaskGetTickCount
                0x0000000040086514        0xd /home/matt/Desktop/source/esp-cnc/build/freertos/libfreertos.a(tasks.o)
                0x0000000040086514                xTaskGetTickCount
 *fill*         0x0000000040086521        0x3 
 .text.xTaskGetIdleTaskHandleForCPU
                0x0000000040086524       0x2a /home/matt/Desktop/source/esp-cnc/build/freertos/libfreertos.a(tasks.o)
                                         0x2e (size before relaxing)
                0x0000000040086524                xTaskGetIdleTaskHandleForCPU
 *fill*         0x000000004008654e        0x2 
 .text.vTaskSetTimeOutState
                0x0000000040086550       0x34 /home/matt/Desktop/source/esp-cnc/build/freertos/libfreertos.a(tasks.o)
                0x0000000040086550                vTaskSetTimeOutState
 .text.xTaskGetCurrentTaskHandle
                0x0000000040086584       0x1f /home/matt/Desktop/source/esp-cnc/build/freertos/libfreertos.a(tasks.o)
                0x0000000040086584                xTaskGetCurrentTaskHandle
 *fill*         0x00000000400865a3        0x1 
 .text.__getreent
                0x00000000400865a4       0x12 /home/matt/Desktop/source/esp-cnc/build/freertos/libfreertos.a(tasks.o)
                                         0x16 (size before relaxing)
                0x00000000400865a4                __getreent
 *fill*         0x00000000400865b6        0x2 
 .text.pcTaskGetTaskName
                0x00000000400865b8       0x28 /home/matt/Desktop/source/esp-cnc/build/freertos/libfreertos.a(tasks.o)
                                         0x2f (size before relaxing)
                0x00000000400865b8                pcTaskGetTaskName
 *fill*         0x00000000400865e0        0x0 
 .text.xTaskGetAffinity
                0x00000000400865e0       0x12 /home/matt/Desktop/source/esp-cnc/build/freertos/libfreertos.a(tasks.o)
                0x00000000400865e0                xTaskGetAffinity
 *fill*         0x00000000400865f2        0x2 
 .text.xTaskGetCurrentTaskHandleForCPU
                0x00000000400865f4       0x17 /home/matt/Desktop/source/esp-cnc/build/freertos/libfreertos.a(tasks.o)
                0x00000000400865f4                xTaskGetCurrentTaskHandleForCPU
 *fill*         0x000000004008660b        0x1 
 .text.xTaskGetSchedulerState
                0x000000004008660c       0x34 /home/matt/Desktop/source/esp-cnc/build/freertos/libfreertos.a(tasks.o)
                0x000000004008660c                xTaskGetSchedulerState
 .text.vTaskEnterCritical
                0x0000000040086640       0xa2 /home/matt/Desktop/source/esp-cnc/build/freertos/libfreertos.a(tasks.o)
                0x0000000040086640                vTaskEnterCritical
 *fill*         0x00000000400866e2        0x2 
 .text.vTaskExitCritical
                0x00000000400866e4       0x72 /home/matt/Desktop/source/esp-cnc/build/freertos/libfreertos.a(tasks.o)
                0x00000000400866e4                vTaskExitCritical
 *fill*         0x0000000040086756        0x2 
 .text.prvAddNewTaskToReadyList$isra$10
                0x0000000040086758      0x18c /home/matt/Desktop/source/esp-cnc/build/freertos/libfreertos.a(tasks.o)
                                        0x1b0 (size before relaxing)
 .text.xTaskCreatePinnedToCore
                0x00000000400868e4       0x64 /home/matt/Desktop/source/esp-cnc/build/freertos/libfreertos.a(tasks.o)
                                         0x70 (size before relaxing)
                0x00000000400868e4                xTaskCreatePinnedToCore
 .text.vTaskStartScheduler
                0x0000000040086948       0x70 /home/matt/Desktop/source/esp-cnc/build/freertos/libfreertos.a(tasks.o)
                                         0x7c (size before relaxing)
                0x0000000040086948                vTaskStartScheduler
 .text.vTaskDelete
                0x00000000400869b8      0x102 /home/matt/Desktop/source/esp-cnc/build/freertos/libfreertos.a(tasks.o)
                                        0x11a (size before relaxing)
                0x00000000400869b8                vTaskDelete
 *fill*         0x0000000040086aba        0x2 
 .text.vTaskDelay
                0x0000000040086abc       0x74 /home/matt/Desktop/source/esp-cnc/build/freertos/libfreertos.a(tasks.o)
                                         0x84 (size before relaxing)
                0x0000000040086abc                vTaskDelay
 .text.vTaskResume
                0x0000000040086b30       0xc5 /home/matt/Desktop/source/esp-cnc/build/freertos/libfreertos.a(tasks.o)
                                         0xdf (size before relaxing)
                0x0000000040086b30                vTaskResume
 *fill*         0x0000000040086bf5        0x3 
 .text.prvIdleTask
                0x0000000040086bf8       0xce /home/matt/Desktop/source/esp-cnc/build/freertos/libfreertos.a(tasks.o)
                                         0xda (size before relaxing)
 *fill*         0x0000000040086cc6        0x2 
 .text.uxTaskGetSystemState
                0x0000000040086cc8       0x9b /home/matt/Desktop/source/esp-cnc/build/freertos/libfreertos.a(tasks.o)
                                         0xb6 (size before relaxing)
                0x0000000040086cc8                uxTaskGetSystemState
 *fill*         0x0000000040086d63        0x1 
 .text.xTaskIncrementTick
                0x0000000040086d64      0x197 /home/matt/Desktop/source/esp-cnc/build/freertos/libfreertos.a(tasks.o)